Component: ARM Compiler 5.06 update 7 (build 960) Tool: armlink [4d3601]

==============================================================================

Section Cross References

    startup_stm32f405xx.o(STACK) refers (Special) to heapauxi.o(.text) for __use_two_region_memory
    startup_stm32f405xx.o(HEAP) refers (Special) to heapauxi.o(.text) for __use_two_region_memory
    startup_stm32f405xx.o(RESET) refers (Special) to heapauxi.o(.text) for __use_two_region_memory
    startup_stm32f405xx.o(RESET) refers to startup_stm32f405xx.o(STACK) for __initial_sp
    startup_stm32f405xx.o(RESET) refers to startup_stm32f405xx.o(.text) for Reset_Handler
    startup_stm32f405xx.o(RESET) refers to stm32f4xx_it.o(i.NMI_Handler) for NMI_Handler
    startup_stm32f405xx.o(RESET) refers to stm32f4xx_it.o(i.HardFault_Handler) for HardFault_Handler
    startup_stm32f405xx.o(RESET) refers to stm32f4xx_it.o(i.MemManage_Handler) for MemManage_Handler
    startup_stm32f405xx.o(RESET) refers to stm32f4xx_it.o(i.BusFault_Handler) for BusFault_Handler
    startup_stm32f405xx.o(RESET) refers to stm32f4xx_it.o(i.UsageFault_Handler) for UsageFault_Handler
    startup_stm32f405xx.o(RESET) refers to port.o(.emb_text) for SVC_Handler
    startup_stm32f405xx.o(RESET) refers to stm32f4xx_it.o(i.DebugMon_Handler) for DebugMon_Handler
    startup_stm32f405xx.o(RESET) refers to port.o(i.SysTick_Handler) for SysTick_Handler
    startup_stm32f405xx.o(RESET) refers to stm32f4xx_it.o(i.DMA1_Stream2_IRQHandler) for DMA1_Stream2_IRQHandler
    startup_stm32f405xx.o(RESET) refers to stm32f4xx_it.o(i.DMA1_Stream4_IRQHandler) for DMA1_Stream4_IRQHandler
    startup_stm32f405xx.o(RESET) refers to stm32f4xx_it.o(i.DMA1_Stream5_IRQHandler) for DMA1_Stream5_IRQHandler
    startup_stm32f405xx.o(RESET) refers to stm32f4xx_it.o(i.CAN1_RX0_IRQHandler) for CAN1_RX0_IRQHandler
    startup_stm32f405xx.o(RESET) refers to stm32f4xx_it.o(i.TIM2_IRQHandler) for TIM2_IRQHandler
    startup_stm32f405xx.o(RESET) refers to stm32f4xx_it.o(i.USART1_IRQHandler) for USART1_IRQHandler
    startup_stm32f405xx.o(RESET) refers to stm32f4xx_it.o(i.USART2_IRQHandler) for USART2_IRQHandler
    startup_stm32f405xx.o(RESET) refers to stm32f4xx_it.o(i.TIM8_TRG_COM_TIM14_IRQHandler) for TIM8_TRG_COM_TIM14_IRQHandler
    startup_stm32f405xx.o(RESET) refers to stm32f4xx_it.o(i.UART4_IRQHandler) for UART4_IRQHandler
    startup_stm32f405xx.o(RESET) refers to stm32f4xx_it.o(i.UART5_IRQHandler) for UART5_IRQHandler
    startup_stm32f405xx.o(RESET) refers to stm32f4xx_it.o(i.DMA2_Stream2_IRQHandler) for DMA2_Stream2_IRQHandler
    startup_stm32f405xx.o(RESET) refers to stm32f4xx_it.o(i.CAN2_RX0_IRQHandler) for CAN2_RX0_IRQHandler
    startup_stm32f405xx.o(RESET) refers to stm32f4xx_it.o(i.USART6_IRQHandler) for USART6_IRQHandler
    startup_stm32f405xx.o(.text) refers (Special) to heapauxi.o(.text) for __use_two_region_memory
    startup_stm32f405xx.o(.text) refers to system_stm32f4xx.o(i.SystemInit) for SystemInit
    startup_stm32f405xx.o(.text) refers to __main.o(!!!main) for __main
    startup_stm32f405xx.o(.text) refers to startup_stm32f405xx.o(HEAP) for Heap_Mem
    startup_stm32f405xx.o(.text) refers to startup_stm32f405xx.o(STACK) for Stack_Mem
    main.o(i.HAL_TIM_PeriodElapsedCallback) refers to imu_data_decode.o(i.imu_ctrl) for imu_ctrl
    main.o(i.HAL_TIM_PeriodElapsedCallback) refers to can_receive.o(i.CAN_cmd_capacitance) for CAN_cmd_capacitance
    main.o(i.HAL_TIM_PeriodElapsedCallback) refers to stm32f4xx_hal.o(i.HAL_IncTick) for HAL_IncTick
    main.o(i.SystemClock_Config) refers to rt_memclr_w.o(.text) for __aeabi_memclr4
    main.o(i.SystemClock_Config) refers to stm32f4xx_hal_rcc.o(i.HAL_RCC_OscConfig) for HAL_RCC_OscConfig
    main.o(i.SystemClock_Config) refers to stm32f4xx_hal_rcc.o(i.HAL_RCC_ClockConfig) for HAL_RCC_ClockConfig
    main.o(i.main) refers to stm32f4xx_hal.o(i.HAL_Init) for HAL_Init
    main.o(i.main) refers to main.o(i.SystemClock_Config) for SystemClock_Config
    main.o(i.main) refers to gpio.o(i.MX_GPIO_Init) for MX_GPIO_Init
    main.o(i.main) refers to dma.o(i.MX_DMA_Init) for MX_DMA_Init
    main.o(i.main) refers to can.o(i.MX_CAN1_Init) for MX_CAN1_Init
    main.o(i.main) refers to can.o(i.MX_CAN2_Init) for MX_CAN2_Init
    main.o(i.main) refers to tim.o(i.MX_TIM2_Init) for MX_TIM2_Init
    main.o(i.main) refers to usart.o(i.MX_USART1_UART_Init) for MX_USART1_UART_Init
    main.o(i.main) refers to usart.o(i.MX_USART2_UART_Init) for MX_USART2_UART_Init
    main.o(i.main) refers to usart.o(i.MX_UART4_Init) for MX_UART4_Init
    main.o(i.main) refers to usart.o(i.MX_UART5_Init) for MX_UART5_Init
    main.o(i.main) refers to usart.o(i.MX_USART6_UART_Init) for MX_USART6_UART_Init
    main.o(i.main) refers to chassis_task.o(i.chassis_pid_init) for chassis_pid_init
    main.o(i.main) refers to gimbal_task.o(i.gimbal_pid_init) for gimbal_pid_init
    main.o(i.main) refers to shoot_task.o(i.shoot_pid_init) for shoot_pid_init
[...]
    EXTI15_10_IRQHandler                     0x08000323   Thumb Code     0  startup_stm32f405xx.o(.text)
    EXTI1_IRQHandler                         0x08000323   Thumb Code     0  startup_stm32f405xx.o(.text)
    EXTI2_IRQHandler                         0x08000323   Thumb Code     0  startup_stm32f405xx.o(.text)
    EXTI3_IRQHandler                         0x08000323   Thumb Code     0  startup_stm32f405xx.o(.text)
    EXTI4_IRQHandler                         0x08000323   Thumb Code     0  startup_stm32f405xx.o(.text)
    EXTI9_5_IRQHandler                       0x08000323   Thumb Code     0  startup_stm32f405xx.o(.text)
    FLASH_IRQHandler                         0x08000323   Thumb Code     0  startup_stm32f405xx.o(.text)
    FMC_IRQHandler                           0x08000323   Thumb Code     0  startup_stm32f405xx.o(.text)
    FPU_IRQHandler                           0x08000323   Thumb Code     0  startup_stm32f405xx.o(.text)
    HASH_RNG_IRQHandler                      0x08000323   Thumb Code     0  startup_stm32f405xx.o(.text)
    I2C1_ER_IRQHandler                       0x08000323   Thumb Code     0  startup_stm32f405xx.o(.text)
    I2C1_EV_IRQHandler                       0x08000323   Thumb Code     0  startup_stm32f405xx.o(.text)
    I2C2_ER_IRQHandler                       0x08000323   Thumb Code     0  startup_stm32f405xx.o(.text)
    I2C2_EV_IRQHandler                       0x08000323   Thumb Code     0  startup_stm32f405xx.o(.text)
    I2C3_ER_IRQHandler                       0x08000323   Thumb Code     0  startup_stm32f405xx.o(.text)
    I2C3_EV_IRQHandler                       0x08000323   Thumb Code     0  startup_stm32f405xx.o(.text)
    OTG_FS_IRQHandler                        0x08000323   Thumb Code     0  startup_stm32f405xx.o(.text)
    OTG_FS_WKUP_IRQHandler                   0x08000323   Thumb Code     0  startup_stm32f405xx.o(.text)
    OTG_HS_EP1_IN_IRQHandler                 0x08000323   Thumb Code     0  startup_stm32f405xx.o(.text)
    OTG_HS_EP1_OUT_IRQHandler                0x08000323   Thumb Code     0  startup_stm32f405xx.o(.text)
    OTG_HS_IRQHandler                        0x08000323   Thumb Code     0  startup_stm32f405xx.o(.text)
    OTG_HS_WKUP_IRQHandler                   0x08000323   Thumb Code     0  startup_stm32f405xx.o(.text)
    PVD_IRQHandler                           0x08000323   Thumb Code     0  startup_stm32f405xx.o(.text)
    RCC_IRQHandler                           0x08000323   Thumb Code     0  startup_stm32f405xx.o(.text)
    RTC_Alarm_IRQHandler                     0x08000323   Thumb Code     0  startup_stm32f405xx.o(.text)
    RTC_WKUP_IRQHandler                      0x08000323   Thumb Code     0  startup_stm32f405xx.o(.text)
    SDIO_IRQHandler                          0x08000323   Thumb Code     0  startup_stm32f405xx.o(.text)
    SPI1_IRQHandler                          0x08000323   Thumb Code     0  startup_stm32f405xx.o(.text)
    SPI2_IRQHandler                          0x08000323   Thumb Code     0  startup_stm32f405xx.o(.text)
    SPI3_IRQHandler                          0x08000323   Thumb Code     0  startup_stm32f405xx.o(.text)
    TAMP_STAMP_IRQHandler                    0x08000323   Thumb Code     0  startup_stm32f405xx.o(.text)
    TIM1_BRK_TIM9_IRQHandler                 0x08000323   Thumb Code     0  startup_stm32f405xx.o(.text)
    TIM1_CC_IRQHandler                       0x08000323   Thumb Code     0  startup_stm32f405xx.o(.text)
    TIM1_TRG_COM_TIM11_IRQHandler            0x08000323   Thumb Code     0  startup_stm32f405xx.o(.text)
    TIM1_UP_TIM10_IRQHandler                 0x08000323   Thumb Code     0  startup_stm32f405xx.o(.text)
    TIM3_IRQHandler                          0x08000323   Thumb Code     0  startup_stm32f405xx.o(.text)
    TIM4_IRQHandler                          0x08000323   Thumb Code     0  startup_stm32f405xx.o(.text)
    TIM5_IRQHandler                          0x08000323   Thumb Code     0  startup_stm32f405xx.o(.text)
    TIM6_DAC_IRQHandler                      0x08000323   Thumb Code     0  startup_stm32f405xx.o(.text)
    TIM7_IRQHandler                          0x08000323   Thumb Code     0  startup_stm32f405xx.o(.text)
    TIM8_BRK_TIM12_IRQHandler                0x08000323   Thumb Code     0  startup_stm32f405xx.o(.text)
    TIM8_CC_IRQHandler                       0x08000323   Thumb Code     0  startup_stm32f405xx.o(.text)
    TIM8_UP_TIM13_IRQHandler                 0x08000323   Thumb Code     0  startup_stm32f405xx.o(.text)
    USART3_IRQHandler                        0x08000323   Thumb Code     0  startup_stm32f405xx.o(.text)
    WWDG_IRQHandler                          0x08000323   Thumb Code     0  startup_stm32f405xx.o(.text)
    __user_initial_stackheap                 0x08000325   Thumb Code     0  startup_stm32f405xx.o(.text)
    __aeabi_uldivmod                         0x08000349   Thumb Code     0  lludivv7m.o(.text)
    _ll_udiv                                 0x08000349   Thumb Code   238  lludivv7m.o(.text)
    __aeabi_memcpy                           0x08000437   Thumb Code     0  rt_memcpy_v6.o(.text)
    __rt_memcpy                              0x08000437   Thumb Code   138  rt_memcpy_v6.o(.text)
    _memcpy_lastbytes                        0x0800049d   Thumb Code     0  rt_memcpy_v6.o(.text)
    __aeabi_memcpy4                          0x080004c1   Thumb Code     0  rt_memcpy_w.o(.text)
    __aeabi_memcpy8                          0x080004c1   Thumb Code     0  rt_memcpy_w.o(.text)
    __rt_memcpy_w                            0x080004c1   Thumb Code   100  rt_memcpy_w.o(.text)
    _memcpy_lastbytes_aligned                0x08000509   Thumb Code     0  rt_memcpy_w.o(.text)
    __aeabi_memclr                           0x08000525   Thumb Code     0  rt_memclr.o(.text)
    __rt_memclr                              0x08000525   Thumb Code    68  rt_memclr.o(.text)
    _memset                                  0x08000529   Thumb Code     0  rt_memclr.o(.text)
    __aeabi_memclr4                          0x08000569   Thumb Code     0  rt_memclr_w.o(.text)
    __aeabi_memclr8                          0x08000569   Thumb Code     0  rt_memclr_w.o(.text)
    __rt_memclr_w                            0x08000569   Thumb Code    78  rt_memclr_w.o(.text)
    _memset_w                                0x0800056d   Thumb Code     0  rt_memclr_w.o(.text)
    __use_two_region_memory                  0x080005b7   Thumb Code     2  heapauxi.o(.text)
    __rt_heap_escrow$2region                 0x080005b9   Thumb Code     2  heapauxi.o(.text)
    __rt_heap_expand$2region                 0x080005bb   Thumb Code     2  heapauxi.o(.text)
    __read_errno                             0x080005bd   Thumb Code    10  _rserrno.o(.text)
    __set_errno                              0x080005c7   Thumb Code    12  _rserrno.o(.text)
    __aeabi_errno_addr                       0x080005d5   Thumb Code     8  rt_errno_addr_intlibspace.o(.text)
    __errno$intlibspace                      0x080005d5   Thumb Code     0  rt_errno_addr_intlibspace.o(.text)
    __rt_errno_addr$intlibspace              0x080005d5   Thumb Code     0  rt_errno_addr_intlibspace.o(.text)
    __user_libspace                          0x080005dd   Thumb Code     8  libspace.o(.text)
    __user_perproc_libspace                  0x080005dd   Thumb Code     0  libspace.o(.text)
    __user_perthread_libspace                0x080005dd   Thumb Code     0  libspace.o(.text)
    __user_setup_stackheap                   0x080005e5   Thumb Code    74  sys_stackheap_outer.o(.text)
    exit                                     0x0800062f   Thumb Code    18  exit.o(.text)
    _sys_exit                                0x08000641   Thumb Code     8  sys_exit.o(.text)
    __I$use$semihosting                      0x0800064d   Thumb Code     0  use_no_semi.o(.text)
    __use_no_semihosting_swi                 0x0800064d   Thumb Code     2  use_no_semi.o(.text)
    BusFault_Handler                         0x0800064f   Thumb Code     2  stm32f4xx_it.o(i.BusFault_Handler)
    __semihosting_library_function           0x0800064f   Thumb Code     0  indicate_semi.o(.text)
    CAN1_RX0_IRQHandler                      0x08000651   Thumb Code     6  stm32f4xx_it.o(i.CAN1_RX0_IRQHandler)
    CAN2_RX0_IRQHandler                      0x0800065d   Thumb Code     6  stm32f4xx_it.o(i.CAN2_RX0_IRQHandler)
    CAN_Init                                 0x08000669   Thumb Code    80  drv_can.o(i.CAN_Init)
    CAN_cmd_capacitance                      0x080006c1   Thumb Code    42  can_receive.o(i.CAN_cmd_capacitance)
    CAN_cmd_chassis                          0x080006f9   Thumb Code    60  can_receive.o(i.CAN_cmd_chassis)
    CAN_cmd_gimbal_pitch                     0x08000741   Thumb Code    46  can_receive.o(i.CAN_cmd_gimbal_pitch)
    CAN_cmd_gimbal_yaw                       0x0800077d   Thumb Code    42  can_receive.o(i.CAN_cmd_gimbal_yaw)
    CAN_cmd_shoot                            0x080007b5   Thumb Code    46  can_receive.o(i.CAN_cmd_shoot)
    CHASSIS_TASK                             0x080007f1   Thumb Code    12  freertos.o(i.CHASSIS_TASK)
    Char_Draw                                0x080007fd   Thumb Code   154  referee_ui.o(i.Char_Draw)
    Char_ReFresh                             0x08000899   Thumb Code   220  referee_ui.o(i.Char_ReFresh)
    Circle_Draw                              0x08000979   Thumb Code   116  referee_ui.o(i.Circle_Draw)
    DMA1_Stream2_IRQHandler                  0x080009ed   Thumb Code     6  stm32f4xx_it.o(i.DMA1_Stream2_IRQHandler)
    DMA1_Stream4_IRQHandler                  0x080009f9   Thumb Code     6  stm32f4xx_it.o(i.DMA1_Stream4_IRQHandler)
    DMA1_Stream5_IRQHandler                  0x08000a05   Thumb Code     6  stm32f4xx_it.o(i.DMA1_Stream5_IRQHandler)
    DMA2_Stream2_IRQHandler                  0x08000a11   Thumb Code     6  stm32f4xx_it.o(i.DMA2_Stream2_IRQHandler)
    DebugMon_Handler                         0x08000ac1   Thumb Code     2  stm32f4xx_it.o(i.DebugMon_Handler)
    Driver_Init                              0x08000ac3   Thumb Code    18  driver.o(i.Driver_Init)
    Error_Handler                            0x08000ad5   Thumb Code     4  main.o(i.Error_Handler)
    GIMBAL_TASK                              0x08000ad9   Thumb Code    12  freertos.o(i.GIMBAL_TASK)
    GUSIUI                                   0x08000ae5   Thumb Code   606  referee_ui.o(i.GUSIUI)
    GUSUI_TASK                               0x08000d71   Thumb Code    22  freertos.o(i.GUSUI_TASK)
    Get_CRC16_Check_Sum                      0x08000d8d   Thumb Code    38  crc.o(i.Get_CRC16_Check_Sum)
    Get_CRC8_Check_Sum                       0x08000db9   Thumb Code    24  crc.o(i.Get_CRC8_Check_Sum)
    HAL_CAN_ActivateNotification             0x08000dd5   Thumb Code    36  stm32f4xx_hal_can.o(i.HAL_CAN_ActivateNotification)
    HAL_CAN_AddTxMessage                     0x08000df9   Thumb Code   220  stm32f4xx_hal_can.o(i.HAL_CAN_AddTxMessage)
    HAL_CAN_ConfigFilter                     0x08000ed5   Thumb Code   262  stm32f4xx_hal_can.o(i.HAL_CAN_ConfigFilter)
    HAL_CAN_ErrorCallback                    0x08000fe1   Thumb Code     2  stm32f4xx_hal_can.o(i.HAL_CAN_ErrorCallback)
    HAL_CAN_GetRxMessage                     0x08000fe3   Thumb Code   232  stm32f4xx_hal_can.o(i.HAL_CAN_GetRxMessage)
    HAL_CAN_IRQHandler                       0x080010cb   Thumb Code   508  stm32f4xx_hal_can.o(i.HAL_CAN_IRQHandler)
    HAL_CAN_Init                             0x080012c7   Thumb Code   282  stm32f4xx_hal_can.o(i.HAL_CAN_Init)
    HAL_CAN_MspInit                          0x080013e1   Thumb Code   232  can.o(i.HAL_CAN_MspInit)
    HAL_CAN_RxFifo0FullCallback              0x080014e1   Thumb Code     2  stm32f4xx_hal_can.o(i.HAL_CAN_RxFifo0FullCallback)
    HAL_CAN_RxFifo0MsgPendingCallback        0x080014e5   Thumb Code   206  can_receive.o(i.HAL_CAN_RxFifo0MsgPendingCallback)
    HAL_CAN_RxFifo1FullCallback              0x080015cd   Thumb Code     2  stm32f4xx_hal_can.o(i.HAL_CAN_RxFifo1FullCallback)
    HAL_CAN_RxFifo1MsgPendingCallback        0x080015cf   Thumb Code     2  stm32f4xx_hal_can.o(i.HAL_CAN_RxFifo1MsgPendingCallback)
    HAL_CAN_SleepCallback                    0x080015d1   Thumb Code     2  stm32f4xx_hal_can.o(i.HAL_CAN_SleepCallback)
    HAL_CAN_Start                            0x080015d5   Thumb Code    88  stm32f4xx_hal_can.o(i.HAL_CAN_Start)
    HAL_CAN_TxMailbox0AbortCallback          0x0800162d   Thumb Code     2  stm32f4xx_hal_can.o(i.HAL_CAN_TxMailbox0AbortCallback)
    HAL_CAN_TxMailbox0CompleteCallback       0x0800162f   Thumb Code     2  stm32f4xx_hal_can.o(i.HAL_CAN_TxMailbox0CompleteCallback)
    HAL_CAN_TxMailbox1AbortCallback          0x08001631   Thumb Code     2  stm32f4xx_hal_can.o(i.HAL_CAN_TxMailbox1AbortCallback)
    HAL_CAN_TxMailbox1CompleteCallback       0x08001633   Thumb Code     2  stm32f4xx_hal_can.o(i.HAL_CAN_TxMailbox1CompleteCallback)
    HAL_CAN_TxMailbox2AbortCallback          0x08001635   Thumb Code     2  stm32f4xx_hal_can.o(i.HAL_CAN_TxMailbox2AbortCallback)
    HAL_CAN_TxMailbox2CompleteCallback       0x08001637   Thumb Code     2  stm32f4xx_hal_can.o(i.HAL_CAN_TxMailbox2CompleteCallback)
    HAL_CAN_WakeUpFromRxMsgCallback          0x08001639   Thumb Code     2  stm32f4xx_hal_can.o(i.HAL_CAN_WakeUpFromRxMsgCallback)
    HAL_DMA_Abort                            0x0800163b   Thumb Code   146  stm32f4xx_hal_dma.o(i.HAL_DMA_Abort)
    HAL_DMA_Abort_IT                         0x080016cd   Thumb Code    36  stm32f4xx_hal_dma.o(i.HAL_DMA_Abort_IT)
    HAL_DMA_IRQHandler                       0x080016f1   Thumb Code   412  stm32f4xx_hal_dma.o(i.HAL_DMA_IRQHandler)
    HAL_DMA_Init                             0x08001891   Thumb Code   206  stm32f4xx_hal_dma.o(i.HAL_DMA_Init)
    HAL_DMA_Start_IT                         0x08001965   Thumb Code   110  stm32f4xx_hal_dma.o(i.HAL_DMA_Start_IT)
    HAL_Delay                                0x080019d5   Thumb Code    32  stm32f4xx_hal.o(i.HAL_Delay)
    HAL_GPIO_Init                            0x080019f9   Thumb Code   450  stm32f4xx_hal_gpio.o(i.HAL_GPIO_Init)
    HAL_GetTick                              0x08001be9   Thumb Code     6  stm32f4xx_hal.o(i.HAL_GetTick)
    HAL_IncTick                              0x08001bf5   Thumb Code    12  stm32f4xx_hal.o(i.HAL_IncTick)
    HAL_Init                                 0x08001c05   Thumb Code    48  stm32f4xx_hal.o(i.HAL_Init)
    HAL_InitTick                             0x08001c39   Thumb Code   132  stm32f4xx_hal_timebase_tim.o(i.HAL_InitTick)
    HAL_MspInit                              0x08001cd1   Thumb Code    52  stm32f4xx_hal_msp.o(i.HAL_MspInit)
    HAL_NVIC_EnableIRQ                       0x08001d09   Thumb Code    26  stm32f4xx_hal_cortex.o(i.HAL_NVIC_EnableIRQ)
    HAL_NVIC_SetPriority                     0x08001d25   Thumb Code    60  stm32f4xx_hal_cortex.o(i.HAL_NVIC_SetPriority)
    HAL_NVIC_SetPriorityGrouping             0x08001d65   Thumb Code    26  stm32f4xx_hal_cortex.o(i.HAL_NVIC_SetPriorityGrouping)
    HAL_RCC_ClockConfig                      0x08001d89   Thumb Code   288  stm32f4xx_hal_rcc.o(i.HAL_RCC_ClockConfig)
    HAL_RCC_GetClockConfig                   0x08001ebd   Thumb Code    54  stm32f4xx_hal_rcc.o(i.HAL_RCC_GetClockConfig)
    HAL_RCC_GetPCLK1Freq                     0x08001efd   Thumb Code    20  stm32f4xx_hal_rcc.o(i.HAL_RCC_GetPCLK1Freq)
    HAL_RCC_GetPCLK2Freq                     0x08001f1d   Thumb Code    20  stm32f4xx_hal_rcc.o(i.HAL_RCC_GetPCLK2Freq)
    HAL_RCC_GetSysClockFreq                  0x08001f3d   Thumb Code    88  stm32f4xx_hal_rcc.o(i.HAL_RCC_GetSysClockFreq)
    HAL_RCC_OscConfig                        0x08001fa1   Thumb Code   856  stm32f4xx_hal_rcc.o(i.HAL_RCC_OscConfig)
    HAL_TIMEx_BreakCallback                  0x0800230d   Thumb Code     2  stm32f4xx_hal_tim_ex.o(i.HAL_TIMEx_BreakCallback)
    HAL_TIMEx_CommutCallback                 0x0800230f   Thumb Code     2  stm32f4xx_hal_tim_ex.o(i.HAL_TIMEx_CommutCallback)
    HAL_TIMEx_MasterConfigSynchronization    0x08002311   Thumb Code   116  stm32f4xx_hal_tim_ex.o(i.HAL_TIMEx_MasterConfigSynchronization)
    HAL_TIM_Base_Init                        0x080023a1   Thumb Code    90  stm32f4xx_hal_tim.o(i.HAL_TIM_Base_Init)
    HAL_TIM_Base_MspInit                     0x080023fd   Thumb Code    50  tim.o(i.HAL_TIM_Base_MspInit)
    HAL_TIM_Base_Start_IT                    0x08002435   Thumb Code   100  stm32f4xx_hal_tim.o(i.HAL_TIM_Base_Start_IT)
    HAL_TIM_ConfigClockSource                0x080024b5   Thumb Code   220  stm32f4xx_hal_tim.o(i.HAL_TIM_ConfigClockSource)
    HAL_TIM_IC_CaptureCallback               0x08002591   Thumb Code     2  stm32f4xx_hal_tim.o(i.HAL_TIM_IC_CaptureCallback)
    HAL_TIM_IRQHandler                       0x08002593   Thumb Code   358  stm32f4xx_hal_tim.o(i.HAL_TIM_IRQHandler)
    HAL_TIM_OC_DelayElapsedCallback          0x080026f9   Thumb Code     2  stm32f4xx_hal_tim.o(i.HAL_TIM_OC_DelayElapsedCallback)
    HAL_TIM_PWM_PulseFinishedCallback        0x080026fb   Thumb Code     2  stm32f4xx_hal_tim.o(i.HAL_TIM_PWM_PulseFinishedCallback)
    HAL_TIM_PeriodElapsedCallback            0x080026fd   Thumb Code    40  main.o(i.HAL_TIM_PeriodElapsedCallback)
    HAL_TIM_TriggerCallback                  0x08002729   Thumb Code     2  stm32f4xx_hal_tim.o(i.HAL_TIM_TriggerCallback)
    HAL_UARTEx_RxEventCallback               0x0800272b   Thumb Code     2  stm32f4xx_hal_uart.o(i.HAL_UARTEx_RxEventCallback)
    HAL_UART_DMAResume                       0x0800272d   Thumb Code   140  stm32f4xx_hal_uart.o(i.HAL_UART_DMAResume)
    HAL_UART_DMAStop                         0x080027b9   Thumb Code   112  stm32f4xx_hal_uart.o(i.HAL_UART_DMAStop)
    HAL_UART_ErrorCallback                   0x08002829   Thumb Code     2  stm32f4xx_hal_uart.o(i.HAL_UART_ErrorCallback)
    HAL_UART_IRQHandler                      0x0800282d   Thumb Code   610  stm32f4xx_hal_uart.o(i.HAL_UART_IRQHandler)
    HAL_UART_Init                            0x08002a95   Thumb Code    98  stm32f4xx_hal_uart.o(i.HAL_UART_Init)
    HAL_UART_MspInit                         0x08002af9   Thumb Code   680  usart.o(i.HAL_UART_MspInit)
    HAL_UART_Receive                         0x08002dd5   Thumb Code   192  stm32f4xx_hal_uart.o(i.HAL_UART_Receive)
    HAL_UART_Receive_DMA                     0x08002e95   Thumb Code    42  stm32f4xx_hal_uart.o(i.HAL_UART_Receive_DMA)
    HAL_UART_RxCpltCallback                  0x08002ebf   Thumb Code     2  stm32f4xx_hal_uart.o(i.HAL_UART_RxCpltCallback)
    HAL_UART_RxHalfCpltCallback              0x08002ec1   Thumb Code     2  stm32f4xx_hal_uart.o(i.HAL_UART_RxHalfCpltCallback)
    HAL_UART_Transmit                        0x08002ec5   Thumb Code   178  stm32f4xx_hal_uart.o(i.HAL_UART_Transmit)
    HAL_UART_TxCpltCallback                  0x08002f77   Thumb Code     2  stm32f4xx_hal_uart.o(i.HAL_UART_TxCpltCallback)
    HardFault_Handler                        0x08002f79   Thumb Code     2  stm32f4xx_it.o(i.HardFault_Handler)
    Judege_read_data                         0x08002f7d   Thumb Code   404  referee.o(i.Judege_read_data)
    Line_Draw                                0x08003119   Thumb Code   126  referee_ui.o(i.Line_Draw)
    MX_CAN1_Init                             0x08003199   Thumb Code    62  can.o(i.MX_CAN1_Init)
    MX_CAN2_Init                             0x080031e1   Thumb Code    62  can.o(i.MX_CAN2_Init)
    MX_DMA_Init                              0x08003229   Thumb Code   104  dma.o(i.MX_DMA_Init)
    MX_FREERTOS_Init                         0x08003295   Thumb Code   162  freertos.o(i.MX_FREERTOS_Init)
    MX_GPIO_Init                             0x08003341   Thumb Code    86  gpio.o(i.MX_GPIO_Init)
    MX_TIM2_Init                             0x0800339d   Thumb Code    96  tim.o(i.MX_TIM2_Init)
    MX_UART4_Init                            0x08003401   Thumb Code    48  usart.o(i.MX_UART4_Init)
    MX_UART5_Init                            0x08003439   Thumb Code    48  usart.o(i.MX_UART5_Init)
    MX_USART1_UART_Init                      0x08003471   Thumb Code    48  usart.o(i.MX_USART1_UART_Init)
    MX_USART2_UART_Init                      0x080034a9   Thumb Code    54  usart.o(i.MX_USART2_UART_Init)
    MX_USART6_UART_Init                      0x080034ed   Thumb Code    48  usart.o(i.MX_USART6_UART_Init)
    MemManage_Handler                        0x08003525   Thumb Code     2  stm32f4xx_it.o(i.MemManage_Handler)
    Motor_Angle_Cal                          0x08003529   Thumb Code   178  shoot_task.o(i.Motor_Angle_Cal)
    NMI_Handler                              0x080035ed   Thumb Code     2  stm32f4xx_it.o(i.NMI_Handler)
    PID_calc                                 0x08003729   Thumb Code   184  pid.o(i.PID_calc)
    PID_init                                 0x080037e1   Thumb Code    74  pid.o(i.PID_init)
    Packet_Decode                            0x08003831   Thumb Code   232  packet.o(i.Packet_Decode)
    Packet_DecodeInit                        0x0800391d   Thumb Code    18  packet.o(i.Packet_DecodeInit)
    RC_Init                                  0x08003935   Thumb Code    84  drv_usart.o(i.RC_Init)
    SHOOT_TASK                               0x08003995   Thumb Code    12  freertos.o(i.SHOOT_TASK)
    SYSTEM_TASK                              0x080039a1   Thumb Code     8  freertos.o(i.SYSTEM_TASK)
    StartDefaultTask                         0x080039a9   Thumb Code     8  freertos.o(i.StartDefaultTask)
    SysTick_Handler                          0x080039b1   Thumb Code    38  port.o(i.SysTick_Handler)
    SystemClock_Config                       0x080039dd   Thumb Code   144  main.o(i.SystemClock_Config)
    SystemInit                               0x08003a75   Thumb Code    12  system_stm32f4xx.o(i.SystemInit)
    TIM2_IRQHandler                          0x08003a85   Thumb Code     6  stm32f4xx_it.o(i.TIM2_IRQHandler)
    TIM8_TRG_COM_TIM14_IRQHandler            0x08003a91   Thumb Code     6  stm32f4xx_it.o(i.TIM8_TRG_COM_TIM14_IRQHandler)
    TIM_Base_SetConfig                       0x08003a9d   Thumb Code   156  stm32f4xx_hal_tim.o(i.TIM_Base_SetConfig)
    TIM_ETR_SetConfig                        0x08003b65   Thumb Code    20  stm32f4xx_hal_tim.o(i.TIM_ETR_SetConfig)
    UART4_IRQHandler                         0x08003bd1   Thumb Code    66  stm32f4xx_it.o(i.UART4_IRQHandler)
    UART5_IRQHandler                         0x08003c1d   Thumb Code    48  stm32f4xx_it.o(i.UART5_IRQHandler)
    UART_Start_Receive_DMA                   0x08003f81   Thumb Code   134  stm32f4xx_hal_uart.o(i.UART_Start_Receive_DMA)
    UI_ReFresh                               0x0800408d   Thumb Code   300  referee_ui.o(i.UI_ReFresh)
    UI_SendByte                              0x080041bd   Thumb Code    16  referee_ui.o(i.UI_SendByte)
    USART1_IRQHandler                        0x080041d1   Thumb Code    74  stm32f4xx_it.o(i.USART1_IRQHandler)
    USART2_IRQHandler                        0x08004225   Thumb Code   158  stm32f4xx_it.o(i.USART2_IRQHandler)
    USART6_IRQHandler                        0x080042d9   Thumb Code     6  stm32f4xx_it.o(i.USART6_IRQHandler)
    USART_Init                               0x080042e5   Thumb Code    64  drv_usart.o(i.USART_Init)
    UsageFault_Handler                       0x08004339   Thumb Code     2  stm32f4xx_it.o(i.UsageFault_Handler)
    VISION_TASK                              0x0800433b   Thumb Code    12  freertos.o(i.VISION_TASK)
    Verify_CRC16_Check_Sum                   0x08004349   Thumb Code    54  crc.o(i.Verify_CRC16_Check_Sum)
    Verify_CRC8_Check_Sum                    0x08004385   Thumb Code    38  crc.o(i.Verify_CRC8_Check_Sum)
    YAW_MotorAngle_Proc                      0x080043ab   Thumb Code    40  chassis_task.o(i.YAW_MotorAngle_Proc)
    __ARM_fpclassify                         0x080043d3   Thumb Code    48  fpclassify.o(i.__ARM_fpclassify)
    __hardfp_cos                             0x08004429   Thumb Code   180  cos.o(i.__hardfp_cos)
    __hardfp_sin                             0x080044f1   Thumb Code   180  sin.o(i.__hardfp_sin)
    __ieee754_rem_pio2                       0x080045b9   Thumb Code   938  rred.o(i.__ieee754_rem_pio2)
    __kernel_cos                             0x080049f1   Thumb Code   322  cos_i.o(i.__kernel_cos)
    __kernel_poly                            0x08004b61   Thumb Code   248  poly.o(i.__kernel_poly)
    __kernel_sin                             0x08004c59   Thumb Code   280  sin_i.o(i.__kernel_sin)
    __mathlib_dbl_infnan                     0x08004d89   Thumb Code    20  dunder.o(i.__mathlib_dbl_infnan)
    __mathlib_dbl_invalid                    0x08004da1   Thumb Code    24  dunder.o(i.__mathlib_dbl_invalid)
    __mathlib_dbl_underflow                  0x08004dc1   Thumb Code    24  dunder.o(i.__mathlib_dbl_underflow)
    capacitance_date                         0x08004de1   Thumb Code    24  can_receive.o(i.capacitance_date)
    chassis_ctrl                             0x08004df9   Thumb Code   178  chassis_task.o(i.chassis_ctrl)
    chassis_pid_init                         0x08004ebd   Thumb Code   168  chassis_task.o(i.chassis_pid_init)
    chassis_rc_dbus                          0x08004f79   Thumb Code    84  chassis_task.o(i.chassis_rc_dbus)
    chassis_rc_pc                            0x08004fd5   Thumb Code   216  chassis_task.o(i.chassis_rc_pc)
    chassis_to_common                        0x080050c1   Thumb Code   122  chassis_task.o(i.chassis_to_common)
    chassis_to_gyro                          0x0800514d   Thumb Code   446  chassis_task.o(i.chassis_to_gyro)
    chassis_yaw                              0x08005331   Thumb Code   234  chassis_task.o(i.chassis_yaw)
    fabs                                     0x0800546b   Thumb Code    24  fabs.o(i.fabs)
    get_eular                                0x08005485   Thumb Code    12  imu_data_decode.o(i.get_eular)
    get_motor_measure                        0x08005495   Thumb Code    28  can_receive.o(i.get_motor_measure)
    get_quat                                 0x080054b1   Thumb Code    14  imu_data_decode.o(i.get_quat)
    get_raw_acc                              0x080054c5   Thumb Code    16  imu_data_decode.o(i.get_raw_acc)
    get_raw_gyo                              0x080054d9   Thumb Code    14  imu_data_decode.o(i.get_raw_gyo)
    get_raw_mag                              0x080054ed   Thumb Code    16  imu_data_decode.o(i.get_raw_mag)
    gimbal_ctrl                              0x08005501   Thumb Code    76  gimbal_task.o(i.gimbal_ctrl)
    gimbal_pid_init                          0x08005555   Thumb Code   120  gimbal_task.o(i.gimbal_pid_init)
    gimbal_rc_dbus                           0x080055e1   Thumb Code    58  gimbal_task.o(i.gimbal_rc_dbus)
    gimbal_rc_pc                             0x08005629   Thumb Code    58  gimbal_task.o(i.gimbal_rc_pc)
    imu_ctrl                                 0x08005671   Thumb Code    50  imu_data_decode.o(i.imu_ctrl)
    imu_data_decode_init                     0x080056ad   Thumb Code    14  imu_data_decode.o(i.imu_data_decode_init)
    main                                     0x080056c5   Thumb Code    80  main.o(i.main)
    osDelay                                  0x08005725   Thumb Code    14  cmsis_os.o(i.osDelay)
    osKernelStart                            0x08005733   Thumb Code    10  cmsis_os.o(i.osKernelStart)
    osThreadCreate                           0x0800573d   Thumb Code    84  cmsis_os.o(i.osThreadCreate)
    pitch_limit                              0x08005791   Thumb Code    40  gimbal_task.o(i.pitch_limit)
    pvPortMalloc                             0x08005b05   Thumb Code   216  heap_4.o(i.pvPortMalloc)
    pxPortInitialiseStack                    0x08005be1   Thumb Code    40  port.o(i.pxPortInitialiseStack)
    sbus_to_rc                               0x08005c0d   Thumb Code   238  remote_receive.o(i.sbus_to_rc)
    shoot_ctrl                               0x08005cfd   Thumb Code    34  shoot_task.o(i.shoot_ctrl)
    shoot_init                               0x08005d29   Thumb Code   142  shoot_task.o(i.shoot_init)
    shoot_long                               0x08005dd5   Thumb Code    34  shoot_task.o(i.shoot_long)
    shoot_one                                0x08005e09   Thumb Code    58  shoot_task.o(i.shoot_one)
    shoot_pid_init                           0x08005e5d   Thumb Code   148  shoot_task.o(i.shoot_pid_init)
    shoot_rc_pc                              0x08005efd   Thumb Code    96  shoot_task.o(i.shoot_rc_pc)
    uxListRemove                             0x08005f71   Thumb Code    38  list.o(i.uxListRemove)
    vApplicationGetIdleTaskMemory            0x08005f99   Thumb Code    16  freertos.o(i.vApplicationGetIdleTaskMemory)
    vListInitialise                          0x08005fad   Thumb Code    22  list.o(i.vListInitialise)
    vListInitialiseItem                      0x08005fc3   Thumb Code     6  list.o(i.vListInitialiseItem)
    vListInsert                              0x08005fc9   Thumb Code    48  list.o(i.vListInsert)
    vListInsertEnd                           0x08005ff9   Thumb Code    24  list.o(i.vListInsertEnd)
    vPortEnterCritical                       0x08006011   Thumb Code    54  port.o(i.vPortEnterCritical)
    vPortExitCritical                        0x08006051   Thumb Code    34  port.o(i.vPortExitCritical)
    vPortFree                                0x08006079   Thumb Code    94  heap_4.o(i.vPortFree)
    vPortSetupTimerInterrupt                 0x080060dd   Thumb Code    32  port.o(i.vPortSetupTimerInterrupt)
    vTaskDelay                               0x08006101   Thumb Code    66  tasks.o(i.vTaskDelay)
    vTaskStartScheduler                      0x0800614d   Thumb Code    90  tasks.o(i.vTaskStartScheduler)
    vTaskSuspend                             0x080061b9   Thumb Code   174  tasks.o(i.vTaskSuspend)
    vTaskSuspendAll                          0x08006275   Thumb Code    10  tasks.o(i.vTaskSuspendAll)
    vTaskSwitchContext                       0x08006285   Thumb Code    82  tasks.o(i.vTaskSwitchContext)
    visual_date                              0x080062e1   Thumb Code   108  visual_receive_task.o(i.visual_date)
    vofa_send                                0x0800635d   Thumb Code   250  vofa_task.o(i.vofa_send)
    xPortStartScheduler                      0x0800646d   Thumb Code   222  port.o(i.xPortStartScheduler)
    xTaskCreate                              0x08006561   Thumb Code    90  tasks.o(i.xTaskCreate)
    xTaskCreateStatic                        0x080065bb   Thumb Code    86  tasks.o(i.xTaskCreateStatic)
    xTaskIncrementTick                       0x08006611   Thumb Code   194  tasks.o(i.xTaskIncrementTick)
    xTaskResumeAll                           0x080066dd   Thumb Code   182  tasks.o(i.xTaskResumeAll)
    xy_speed                                 0x080067a1   Thumb Code    56  chassis_task.o(i.xy_speed)
    yaw_limit                                0x080067d9   Thumb Code    60  gimbal_task.o(i.yaw_limit)
    yaw_pitch_gimbal                         0x08006825   Thumb Code   128  gimbal_task.o(i.yaw_pitch_gimbal)
    __aeabi_dneg                             0x080068b5   Thumb Code     0  basic.o(x$fpl$basic)
    _dneg                                    0x080068b5   Thumb Code     6  basic.o(x$fpl$basic)
    __aeabi_fneg                             0x080068bb   Thumb Code     0  basic.o(x$fpl$basic)
    _fneg                                    0x080068bb   Thumb Code     6  basic.o(x$fpl$basic)
    _dabs                                    0x080068c1   Thumb Code     6  basic.o(x$fpl$basic)
    _fabs                                    0x080068c7   Thumb Code     6  basic.o(x$fpl$basic)
    __aeabi_d2f                              0x080068cd   Thumb Code     0  d2f.o(x$fpl$d2f)
    _d2f                                     0x080068cd   Thumb Code    98  d2f.o(x$fpl$d2f)
    __aeabi_dadd                             0x08006931   Thumb Code     0  daddsub_clz.o(x$fpl$dadd)
    _dadd                                    0x08006931   Thumb Code   332  daddsub_clz.o(x$fpl$dadd)
    __aeabi_ddiv                             0x08006a81   Thumb Code     0  ddiv.o(x$fpl$ddiv)
    _ddiv                                    0x08006a81   Thumb Code   552  ddiv.o(x$fpl$ddiv)
    __aeabi_d2iz                             0x08006d31   Thumb Code     0  dfix.o(x$fpl$dfix)
    _dfix                                    0x08006d31   Thumb Code    94  dfix.o(x$fpl$dfix)
    __aeabi_i2d                              0x08006d8f   Thumb Code     0  dflt_clz.o(x$fpl$dflt)
    _dflt                                    0x08006d8f   Thumb Code    46  dflt_clz.o(x$fpl$dflt)
    __aeabi_ui2d                             0x08006dbd   Thumb Code     0  dflt_clz.o(x$fpl$dfltu)
    _dfltu                                   0x08006dbd   Thumb Code    38  dflt_clz.o(x$fpl$dfltu)
    __aeabi_dmul                             0x08006de5   Thumb Code     0  dmul.o(x$fpl$dmul)
    _dmul                                    0x08006de5   Thumb Code   332  dmul.o(x$fpl$dmul)
    __fpl_dnaninf                            0x08006f39   Thumb Code   156  dnaninf.o(x$fpl$dnaninf)
    __fpl_dretinf                            0x08006fd5   Thumb Code    12  dretinf.o(x$fpl$dretinf)
    __aeabi_drsub                            0x08006fe1   Thumb Code     0  daddsub_clz.o(x$fpl$drsb)
    _drsb                                    0x08006fe1   Thumb Code    22  daddsub_clz.o(x$fpl$drsb)
    __aeabi_dsub                             0x08006ff9   Thumb Code     0  daddsub_clz.o(x$fpl$dsub)
    _dsub                                    0x08006ff9   Thumb Code   464  daddsub_clz.o(x$fpl$dsub)
    __aeabi_f2d                              0x080071cd   Thumb Code     0  f2d.o(x$fpl$f2d)
    _f2d                                     0x080071cd   Thumb Code    86  f2d.o(x$fpl$f2d)
    __fpl_fnaninf                            0x08007223   Thumb Code   140  fnaninf.o(x$fpl$fnaninf)
    _fp_init                                 0x080072af   Thumb Code    10  fpinit.o(x$fpl$fpinit)
    __fplib_config_fpu_vfp                   0x080072b7   Thumb Code     0  fpinit.o(x$fpl$fpinit)
    __fplib_config_pureend_doubles           0x080072b7   Thumb Code     0  fpinit.o(x$fpl$fpinit)
    __fpl_fretinf                            0x080072b9   Thumb Code    10  fretinf.o(x$fpl$fretinf)
    __I$use$fp                               0x080072c2   Number         0  usenofp.o(x$fpl$usenofp)
    AHBPrescTable                            0x08007390   Data          16  system_stm32f4xx.o(.constdata)
    APBPrescTable                            0x080073a0   Data           8  system_stm32f4xx.o(.constdata)
    CRC8_TAB                                 0x080073a8   Data         256  crc.o(.constdata)
    wCRC_Table                               0x080074a8   Data         512  crc.o(.constdata)
    Region$$Table$$Base                      0x08007804   Number         0  anon$$obj.o(Region$$Table)
    Region$$Table$$Limit                     0x08007824   Number         0  anon$$obj.o(Region$$Table)
    defaultTaskHandle                        0x20000000   Data           4  freertos.o(.data)
    SYSTEMHandle                             0x20000004   Data           4  freertos.o(.data)
    CHASSISHandle                            0x20000008   Data           4  freertos.o(.data)
    GIMBALHandle                             0x2000000c   Data           4  freertos.o(.data)
    SHOOTHandle                              0x20000010   Data           4  freertos.o(.data)
    VISIONHandle                             0x20000014   Data           4  freertos.o(.data)
    GUSUIHandle                              0x20000018   Data           4  freertos.o(.data)
    ch                                       0x20000020   Data           1  stm32f4xx_it.o(.data)
    uwTickFreq                               0x20000024   Data           1  stm32f4xx_hal.o(.data)
    uwTickPrio                               0x20000028   Data           4  stm32f4xx_hal.o(.data)
    uwTick                                   0x2000002c   Data           4  stm32f4xx_hal.o(.data)
    SystemCoreClock                          0x20000030   Data           4  system_stm32f4xx.o(.data)
    pxCurrentTCB                             0x20000034   Data           4  tasks.o(.data)
    super_capacitor                          0x200000bc   Data           8  can_receive.o(.data)
    yaw_angle_t                              0x200000c4   Data           2  chassis_task.o(.data)
    Yaw_Angle_t                              0x200000c8   Data           4  chassis_task.o(.data)
    Z                                        0x200000cc   Data           4  chassis_task.o(.data)
    X                                        0x200000d0   Data           4  chassis_task.o(.data)
    C                                        0x200000d4   Data           4  chassis_task.o(.data)
    x                                        0x200000d8   Data           4  gimbal_task.o(.data)
    z                                        0x200000dc   Data           4  gimbal_task.o(.data)
    driver_out                               0x200000e0   Data           4  gimbal_task.o(.data)
    cnt                                      0x200000e4   Data           1  shoot_task.o(.data)
    drive_set                                0x200000e6   Data           2  shoot_task.o(.data)
    shoot_1                                  0x200000e8   Data           4  shoot_task.o(.data)
    v                                        0x200000ec   Data           4  shoot_task.o(.data)
    Judge_Data_TF                            0x200000f0   Data           1  referee.o(.data)
    UI_Seq                                   0x200000f1   Data           1  referee_ui.o(.data)
    top_arr                                  0x200000f2   Data           4  referee_ui.o(.data)
    shoot_arr                                0x200000f6   Data           5  referee_ui.o(.data)
    Vision_Coff                              0x200000fc   Data           4  visual_receive_task.o(.data)
    Visual_Buffer                            0x20000100   Data           6  visual_receive_task.o(.data)
    tail                                     0x20000106   Data           6  vofa_task.o(.data)
    CRC_INIT                                 0x2000010c   Data           2  crc.o(.data)
    ID                                       0x2000010f   Data           1  imu_data_decode.o(.data)
    Acc                                      0x20000122   Data           6  imu_data_decode.o(.data)
    Gyo                                      0x20000128   Data           6  imu_data_decode.o(.data)
    Mag                                      0x2000012e   Data           6  imu_data_decode.o(.data)
    hcan1                                    0x2000039c   Data          40  can.o(.bss)
    hcan2                                    0x200003c4   Data          40  can.o(.bss)
    htim2                                    0x200003ec   Data          72  tim.o(.bss)
    huart4                                   0x20000434   Data          68  usart.o(.bss)
    huart5                                   0x20000478   Data          68  usart.o(.bss)
    huart1                                   0x200004bc   Data          68  usart.o(.bss)
    huart2                                   0x20000500   Data          68  usart.o(.bss)
    huart6                                   0x20000544   Data          68  usart.o(.bss)
    hdma_uart4_rx                            0x20000588   Data          96  usart.o(.bss)
    hdma_uart4_tx                            0x200005e8   Data          96  usart.o(.bss)
    hdma_usart1_rx                           0x20000648   Data          96  usart.o(.bss)
    hdma_usart2_rx                           0x200006a8   Data          96  usart.o(.bss)
    htim14                                   0x20000708   Data          72  stm32f4xx_hal_timebase_tim.o(.bss)
    sbus_rx_buf                              0x20004440   Data          72  drv_usart.o(.bss)
    motor_chassis                            0x200044e8   Data          50  can_receive.o(.bss)
    motor_gimbal                             0x2000451a   Data          30  can_receive.o(.bss)
    motor_shoot                              0x20004538   Data          40  can_receive.o(.bss)
    rc_3508_t                                0x20004560   Data          20  chassis_task.o(.bss)
    moto_shoot                               0x20004574   Data          56  shoot_task.o(.bss)
    REF                                      0x200045ac   Data         200  referee.o(.bss)
    Judge_Buffer                             0x20004674   Data         128  referee.o(.bss)
    G1                                       0x200046f4   Data          15  referee_ui.o(.bss)
    G2                                       0x20004703   Data          15  referee_ui.o(.bss)
    G3                                       0x20004712   Data          15  referee_ui.o(.bss)
    G4                                       0x20004721   Data          15  referee_ui.o(.bss)
    G5                                       0x20004730   Data          15  referee_ui.o(.bss)
    G6                                       0x2000473f   Data          15  referee_ui.o(.bss)
    G7                                       0x2000474e   Data          15  referee_ui.o(.bss)
    CH_SHOOT                                 0x2000475d   Data          45  referee_ui.o(.bss)
    CH_TOP                                   0x2000478a   Data          45  referee_ui.o(.bss)
    rc_ctrl                                  0x200047b8   Data          20  remote_receive.o(.bss)
    From_Vision_Data                         0x200047cc   Data          16  visual_receive_task.o(.bss)
    send                                     0x200047dc   Data          32  visual_receive_task.o(.bss)
    vofa_date_t                              0x200047fc   Data          32  vofa_task.o(.bss)
    pid_chassis                              0x2000481c   Data         544  pid.o(.bss)
    pid_gimbal                               0x20004a3c   Data         340  pid.o(.bss)
    pid_shoot                                0x20004b90   Data         544  pid.o(.bss)
    Eular                                    0x20004e58   Data          12  imu_data_decode.o(.bss)
    Quat                                     0x20004e64   Data          16  imu_data_decode.o(.bss)
    __libspace_start                         0x20004e74   Data          96  libspace.o(.bss)
    __temporary_stack_top$libspace           0x20004ed4   Data           0  libspace.o(.bss)



==============================================================================

Memory Map of the image

  Image Entry point : 0x08000189

  Load Region LR_IROM1 (Base: 0x08000000, Size: 0x0000796c, Max: 0x00100000, ABSOLUTE, COMPRESSED[0x00007854])

    Execution Region ER_IROM1 (Exec base: 0x08000000, Load base: 0x08000000, Size: 0x00007824, Max: 0x00100000, ABSOLUTE)

    Exec Addr    Load Addr    Size         Type   Attr      Idx    E Section Name        Object

    0x08000000   0x08000000   0x00000188   Data   RO            3    RESET               startup_stm32f405xx.o
    0x08000188   0x08000188   0x00000008   Code   RO         5770  * !!!main             c_w.l(__main.o)
    0x08000190   0x08000190   0x00000034   Code   RO         6047    !!!scatter          c_w.l(__scatter.o)
    0x080001c4   0x080001c4   0x0000003a   Code   RO         6045    !!dczerorl          c_w.l(__dczerorl.o)
    0x080001fe   0x080001fe   0x00000002   PAD
    0x08000200   0x08000200   0x0000001c   Code   RO         6049    !!handler_zi        c_w.l(__scatter_zi.o)
    0x0800021c   0x0800021c   0x00000002   Code   RO         5916    .ARM.Collect$$libinit$$00000000  c_w.l(libinit.o)
    0x0800021e   0x0800021e   0x00000004   Code   RO         5925    .ARM.Collect$$libinit$$00000001  c_w.l(libinit2.o)
    0x08000222   0x08000222   0x00000000   Code   RO         5928    .ARM.Collect$$libinit$$00000004  c_w.l(libinit2.o)
    0x08000222   0x08000222   0x00000000   Code   RO         5931    .ARM.Collect$$libinit$$0000000A  c_w.l(libinit2.o)
    0x08000222   0x08000222   0x00000000   Code   RO         5933    .ARM.Collect$$libinit$$0000000C  c_w.l(libinit2.o)
    0x08000222   0x08000222   0x00000000   Code   RO         5935    .ARM.Collect$$libinit$$0000000E  c_w.l(libinit2.o)
    0x08000222   0x08000222   0x00000000   Code   RO         5938    .ARM.Collect$$libinit$$00000011  c_w.l(libinit2.o)
    0x08000222   0x08000222   0x00000000   Code   RO         5940    .ARM.Collect$$libinit$$00000013  c_w.l(libinit2.o)
    0x08000222   0x08000222   0x00000000   Code   RO         5942    .ARM.Collect$$libinit$$00000015  c_w.l(libinit2.o)
    0x08000222   0x08000222   0x00000000   Code   RO         5944    .ARM.Collect$$libinit$$00000017  c_w.l(libinit2.o)
    0x08000222   0x08000222   0x00000000   Code   RO         5946    .ARM.Collect$$libinit$$00000019  c_w.l(libinit2.o)
    0x08000222   0x08000222   0x00000000   Code   RO         5948    .ARM.Collect$$libinit$$0000001B  c_w.l(libinit2.o)
    0x08000222   0x08000222   0x00000000   Code   RO         5950    .ARM.Collect$$libinit$$0000001D  c_w.l(libinit2.o)
    0x08000222   0x08000222   0x00000000   Code   RO         5952    .ARM.Collect$$libinit$$0000001F  c_w.l(libinit2.o)
    0x08000222   0x08000222   0x00000000   Code   RO         5954    .ARM.Collect$$libinit$$00000021  c_w.l(libinit2.o)
    0x08000222   0x08000222   0x00000000   Code   RO         5956    .ARM.Collect$$libinit$$00000023  c_w.l(libinit2.o)
    0x08000222   0x08000222   0x00000000   Code   RO         5958    .ARM.Collect$$libinit$$00000025  c_w.l(libinit2.o)
    0x08000222   0x08000222   0x00000000   Code   RO         5962    .ARM.Collect$$libinit$$0000002C  c_w.l(libinit2.o)
    0x08000222   0x08000222   0x00000000   Code   RO         5964    .ARM.Collect$$libinit$$0000002E  c_w.l(libinit2.o)
    0x08000222   0x08000222   0x00000000   Code   RO         5966    .ARM.Collect$$libinit$$00000030  c_w.l(libinit2.o)
    0x08000222   0x08000222   0x00000000   Code   RO         5968    .ARM.Collect$$libinit$$00000032  c_w.l(libinit2.o)
    0x08000222   0x08000222   0x00000002   Code   RO         5969    .ARM.Collect$$libinit$$00000033  c_w.l(libinit2.o)
    0x08000224   0x08000224   0x00000002   Code   RO         6000    .ARM.Collect$$libshutdown$$00000000  c_w.l(libshutdown.o)
    0x08000226   0x08000226   0x00000000   Code   RO         6026    .ARM.Collect$$libshutdown$$00000002  c_w.l(libshutdown2.o)
    0x08000226   0x08000226   0x00000000   Code   RO         6028    .ARM.Collect$$libshutdown$$00000004  c_w.l(libshutdown2.o)
    0x08000226   0x08000226   0x00000000   Code   RO         6030    .ARM.Collect$$libshutdown$$00000006  c_w.l(libshutdown2.o)
    0x08000226   0x08000226   0x00000000   Code   RO         6033    .ARM.Collect$$libshutdown$$00000009  c_w.l(libshutdown2.o)
    0x08000226   0x08000226   0x00000000   Code   RO         6036    .ARM.Collect$$libshutdown$$0000000C  c_w.l(libshutdown2.o)
    0x08000226   0x08000226   0x00000000   Code   RO         6038    .ARM.Collect$$libshutdown$$0000000E  c_w.l(libshutdown2.o)
    0x08000226   0x08000226   0x00000000   Code   RO         6041    .ARM.Collect$$libshutdown$$00000011  c_w.l(libshutdown2.o)
    0x08000226   0x08000226   0x00000002   Code   RO         6042    .ARM.Collect$$libshutdown$$00000012  c_w.l(libshutdown2.o)
    0x08000228   0x08000228   0x00000000   Code   RO         5816    .ARM.Collect$$rtentry$$00000000  c_w.l(__rtentry.o)
    0x08000228   0x08000228   0x00000000   Code   RO         5861    .ARM.Collect$$rtentry$$00000002  c_w.l(__rtentry2.o)
    0x08000228   0x08000228   0x00000006   Code   RO         5873    .ARM.Collect$$rtentry$$00000004  c_w.l(__rtentry4.o)
    0x0800022e   0x0800022e   0x00000000   Code   RO         5863    .ARM.Collect$$rtentry$$00000009  c_w.l(__rtentry2.o)
    0x0800022e   0x0800022e   0x00000004   Code   RO         5864    .ARM.Collect$$rtentry$$0000000A  c_w.l(__rtentry2.o)
    0x08000232   0x08000232   0x00000000   Code   RO         5866    .ARM.Collect$$rtentry$$0000000C  c_w.l(__rtentry2.o)
    0x08000232   0x08000232   0x00000008   Code   RO         5867    .ARM.Collect$$rtentry$$0000000D  c_w.l(__rtentry2.o)
    0x0800023a   0x0800023a   0x00000002   Code   RO         5917    .ARM.Collect$$rtexit$$00000000  c_w.l(rtexit.o)
    0x0800023c   0x0800023c   0x00000000   Code   RO         5973    .ARM.Collect$$rtexit$$00000002  c_w.l(rtexit2.o)
    0x0800023c   0x0800023c   0x00000004   Code   RO         5974    .ARM.Collect$$rtexit$$00000003  c_w.l(rtexit2.o)
    0x08000240   0x08000240   0x00000006   Code   RO         5975    .ARM.Collect$$rtexit$$00000004  c_w.l(rtexit2.o)
    0x08000246   0x08000246   0x00000002   PAD
    0x08000248   0x08000248   0x000000be   Code   RO         4791    .emb_text           port.o
    0x08000306   0x08000306   0x00000002   PAD
    0x08000308   0x08000308   0x00000040   Code   RO            4    .text               startup_stm32f405xx.o
    0x08000348   0x08000348   0x000000ee   Code   RO         5756    .text               c_w.l(lludivv7m.o)
    0x08000436   0x08000436   0x0000008a   Code   RO         5758    .text               c_w.l(rt_memcpy_v6.o)
    0x080004c0   0x080004c0   0x00000064   Code   RO         5760    .text               c_w.l(rt_memcpy_w.o)
    0x08000524   0x08000524   0x00000044   Code   RO         5764    .text               c_w.l(rt_memclr.o)
    0x08000568   0x08000568   0x0000004e   Code   RO         5766    .text               c_w.l(rt_memclr_w.o)
    0x080005b6   0x080005b6   0x00000006   Code   RO         5768    .text               c_w.l(heapauxi.o)
    0x080005bc   0x080005bc   0x00000016   Code   RO         5821    .text               c_w.l(_rserrno.o)
    0x080005d2   0x080005d2   0x00000002   PAD
    0x080005d4   0x080005d4   0x00000008   Code   RO         5880    .text               c_w.l(rt_errno_addr_intlibspace.o)
    0x080005dc   0x080005dc   0x00000008   Code   RO         5900    .text               c_w.l(libspace.o)
    0x080005e4   0x080005e4   0x0000004a   Code   RO         5903    .text               c_w.l(sys_stackheap_outer.o)
    0x0800062e   0x0800062e   0x00000012   Code   RO         5905    .text               c_w.l(exit.o)
    0x08000640   0x08000640   0x0000000c   Code   RO         5970    .text               c_w.l(sys_exit.o)
    0x0800064c   0x0800064c   0x00000002   Code   RO         5989    .text               c_w.l(use_no_semi.o)
    0x0800064e   0x0800064e   0x00000000   Code   RO         5991    .text               c_w.l(indicate_semi.o)
    0x0800064e   0x0800064e   0x00000002   Code   RO          589    i.BusFault_Handler  stm32f4xx_it.o
    0x08000650   0x08000650   0x0000000c   Code   RO          590    i.CAN1_RX0_IRQHandler  stm32f4xx_it.o
    0x0800065c   0x0800065c   0x0000000c   Code   RO          591    i.CAN2_RX0_IRQHandler  stm32f4xx_it.o
    0x08000668   0x08000668   0x00000058   Code   RO         4905    i.CAN_Init          drv_can.o
    0x080006c0   0x080006c0   0x00000038   Code   RO         4964    i.CAN_cmd_capacitance  can_receive.o
    0x080006f8   0x080006f8   0x00000048   Code   RO         4965    i.CAN_cmd_chassis   can_receive.o
    0x08000740   0x08000740   0x0000003c   Code   RO         4966    i.CAN_cmd_gimbal_pitch  can_receive.o
    0x0800077c   0x0800077c   0x00000038   Code   RO         4967    i.CAN_cmd_gimbal_yaw  can_receive.o
    0x080007b4   0x080007b4   0x0000003c   Code   RO         4968    i.CAN_cmd_shoot     can_receive.o
    0x080007f0   0x080007f0   0x0000000c   Code   RO          280    i.CHASSIS_TASK      freertos.o
    0x080007fc   0x080007fc   0x0000009a   Code   RO         5305    i.Char_Draw         referee_ui.o
    0x08000896   0x08000896   0x00000002   PAD
    0x08000898   0x08000898   0x000000e0   Code   RO         5306    i.Char_ReFresh      referee_ui.o
    0x08000978   0x08000978   0x00000074   Code   RO         5307    i.Circle_Draw       referee_ui.o
    0x080009ec   0x080009ec   0x0000000c   Code   RO          592    i.DMA1_Stream2_IRQHandler  stm32f4xx_it.o
    0x080009f8   0x080009f8   0x0000000c   Code   RO          593    i.DMA1_Stream4_IRQHandler  stm32f4xx_it.o
    0x08000a04   0x08000a04   0x0000000c   Code   RO          594    i.DMA1_Stream5_IRQHandler  stm32f4xx_it.o
    0x08000a10   0x08000a10   0x0000000c   Code   RO          595    i.DMA2_Stream2_IRQHandler  stm32f4xx_it.o
    0x08000a1c   0x08000a1c   0x00000028   Code   RO         1497    i.DMA_CalcBaseAndBitshift  stm32f4xx_hal_dma.o
    0x08000a44   0x08000a44   0x00000054   Code   RO         1498    i.DMA_CheckFifoParam  stm32f4xx_hal_dma.o
    0x08000a98   0x08000a98   0x00000028   Code   RO         1499    i.DMA_SetConfig     stm32f4xx_hal_dma.o
    0x08000ac0   0x08000ac0   0x00000002   Code   RO          596    i.DebugMon_Handler  stm32f4xx_it.o
    0x08000ac2   0x08000ac2   0x00000012   Code   RO         4871    i.Driver_Init       driver.o
    0x08000ad4   0x08000ad4   0x00000004   Code   RO           13    i.Error_Handler     main.o
    0x08000ad8   0x08000ad8   0x0000000c   Code   RO          281    i.GIMBAL_TASK       freertos.o
    0x08000ae4   0x08000ae4   0x0000028c   Code   RO         5309    i.GUSIUI            referee_ui.o
    0x08000d70   0x08000d70   0x0000001c   Code   RO          282    i.GUSUI_TASK        freertos.o
    0x08000d8c   0x08000d8c   0x0000002c   Code   RO         5536    i.Get_CRC16_Check_Sum  crc.o
    0x08000db8   0x08000db8   0x0000001c   Code   RO         5537    i.Get_CRC8_Check_Sum  crc.o
    0x08000dd4   0x08000dd4   0x00000024   Code   RO          805    i.HAL_CAN_ActivateNotification  stm32f4xx_hal_can.o
    0x08000df8   0x08000df8   0x000000dc   Code   RO          806    i.HAL_CAN_AddTxMessage  stm32f4xx_hal_can.o
    0x08000ed4   0x08000ed4   0x0000010c   Code   RO          807    i.HAL_CAN_ConfigFilter  stm32f4xx_hal_can.o
    0x08000fe0   0x08000fe0   0x00000002   Code   RO          810    i.HAL_CAN_ErrorCallback  stm32f4xx_hal_can.o
    0x08000fe2   0x08000fe2   0x000000e8   Code   RO          813    i.HAL_CAN_GetRxMessage  stm32f4xx_hal_can.o
    0x080010ca   0x080010ca   0x000001fc   Code   RO          817    i.HAL_CAN_IRQHandler  stm32f4xx_hal_can.o
    0x080012c6   0x080012c6   0x0000011a   Code   RO          818    i.HAL_CAN_Init      stm32f4xx_hal_can.o
    0x080013e0   0x080013e0   0x00000100   Code   RO          379    i.HAL_CAN_MspInit   can.o
    0x080014e0   0x080014e0   0x00000002   Code   RO          825    i.HAL_CAN_RxFifo0FullCallback  stm32f4xx_hal_can.o
    0x080014e2   0x080014e2   0x00000002   PAD
    0x080014e4   0x080014e4   0x000000e8   Code   RO         4969    i.HAL_CAN_RxFifo0MsgPendingCallback  can_receive.o
    0x080015cc   0x080015cc   0x00000002   Code   RO          827    i.HAL_CAN_RxFifo1FullCallback  stm32f4xx_hal_can.o
    0x080015ce   0x080015ce   0x00000002   Code   RO          828    i.HAL_CAN_RxFifo1MsgPendingCallback  stm32f4xx_hal_can.o
    0x080015d0   0x080015d0   0x00000002   Code   RO          829    i.HAL_CAN_SleepCallback  stm32f4xx_hal_can.o
    0x080015d2   0x080015d2   0x00000002   PAD
    0x080015d4   0x080015d4   0x00000058   Code   RO          830    i.HAL_CAN_Start     stm32f4xx_hal_can.o
    0x0800162c   0x0800162c   0x00000002   Code   RO          832    i.HAL_CAN_TxMailbox0AbortCallback  stm32f4xx_hal_can.o
    0x0800162e   0x0800162e   0x00000002   Code   RO          833    i.HAL_CAN_TxMailbox0CompleteCallback  stm32f4xx_hal_can.o
    0x08001630   0x08001630   0x00000002   Code   RO          834    i.HAL_CAN_TxMailbox1AbortCallback  stm32f4xx_hal_can.o
    0x08001632   0x08001632   0x00000002   Code   RO          835    i.HAL_CAN_TxMailbox1CompleteCallback  stm32f4xx_hal_can.o
    0x08001634   0x08001634   0x00000002   Code   RO          836    i.HAL_CAN_TxMailbox2AbortCallback  stm32f4xx_hal_can.o
    0x08001636   0x08001636   0x00000002   Code   RO          837    i.HAL_CAN_TxMailbox2CompleteCallback  stm32f4xx_hal_can.o
    0x08001638   0x08001638   0x00000002   Code   RO          839    i.HAL_CAN_WakeUpFromRxMsgCallback  stm32f4xx_hal_can.o
    0x0800163a   0x0800163a   0x00000092   Code   RO         1500    i.HAL_DMA_Abort     stm32f4xx_hal_dma.o
    0x080016cc   0x080016cc   0x00000024   Code   RO         1501    i.HAL_DMA_Abort_IT  stm32f4xx_hal_dma.o
    0x080016f0   0x080016f0   0x000001a0   Code   RO         1505    i.HAL_DMA_IRQHandler  stm32f4xx_hal_dma.o
    0x08001890   0x08001890   0x000000d4   Code   RO         1506    i.HAL_DMA_Init      stm32f4xx_hal_dma.o
    0x08001964   0x08001964   0x0000006e   Code   RO         1510    i.HAL_DMA_Start_IT  stm32f4xx_hal_dma.o
    0x080019d2   0x080019d2   0x00000002   PAD
    0x080019d4   0x080019d4   0x00000024   Code   RO         1919    i.HAL_Delay         stm32f4xx_hal.o
    0x080019f8   0x080019f8   0x000001f0   Code   RO         1393    i.HAL_GPIO_Init     stm32f4xx_hal_gpio.o
    0x08001be8   0x08001be8   0x0000000c   Code   RO         1925    i.HAL_GetTick       stm32f4xx_hal.o
    0x08001bf4   0x08001bf4   0x00000010   Code   RO         1931    i.HAL_IncTick       stm32f4xx_hal.o
    0x08001c04   0x08001c04   0x00000034   Code   RO         1932    i.HAL_Init          stm32f4xx_hal.o
    0x08001c38   0x08001c38   0x00000098   Code   RO          765    i.HAL_InitTick      stm32f4xx_hal_timebase_tim.o
    0x08001cd0   0x08001cd0   0x00000038   Code   RO          741    i.HAL_MspInit       stm32f4xx_hal_msp.o
    0x08001d08   0x08001d08   0x0000001a   Code   RO         1782    i.HAL_NVIC_EnableIRQ  stm32f4xx_hal_cortex.o
    0x08001d22   0x08001d22   0x00000002   PAD
    0x08001d24   0x08001d24   0x00000040   Code   RO         1788    i.HAL_NVIC_SetPriority  stm32f4xx_hal_cortex.o
    0x08001d64   0x08001d64   0x00000024   Code   RO         1789    i.HAL_NVIC_SetPriorityGrouping  stm32f4xx_hal_cortex.o
    0x08001d88   0x08001d88   0x00000134   Code   RO         1039    i.HAL_RCC_ClockConfig  stm32f4xx_hal_rcc.o
    0x08001ebc   0x08001ebc   0x00000040   Code   RO         1043    i.HAL_RCC_GetClockConfig  stm32f4xx_hal_rcc.o
    0x08001efc   0x08001efc   0x00000020   Code   RO         1046    i.HAL_RCC_GetPCLK1Freq  stm32f4xx_hal_rcc.o
    0x08001f1c   0x08001f1c   0x00000020   Code   RO         1047    i.HAL_RCC_GetPCLK2Freq  stm32f4xx_hal_rcc.o
    0x08001f3c   0x08001f3c   0x00000064   Code   RO         1048    i.HAL_RCC_GetSysClockFreq  stm32f4xx_hal_rcc.o
    0x08001fa0   0x08001fa0   0x0000036c   Code   RO         1051    i.HAL_RCC_OscConfig  stm32f4xx_hal_rcc.o
    0x0800230c   0x0800230c   0x00000002   Code   RO         2906    i.HAL_TIMEx_BreakCallback  stm32f4xx_hal_tim_ex.o
    0x0800230e   0x0800230e   0x00000002   Code   RO         2907    i.HAL_TIMEx_CommutCallback  stm32f4xx_hal_tim_ex.o
    0x08002310   0x08002310   0x00000090   Code   RO         2925    i.HAL_TIMEx_MasterConfigSynchronization  stm32f4xx_hal_tim_ex.o
    0x080023a0   0x080023a0   0x0000005a   Code   RO         2202    i.HAL_TIM_Base_Init  stm32f4xx_hal_tim.o
    0x080023fa   0x080023fa   0x00000002   PAD
    0x080023fc   0x080023fc   0x00000038   Code   RO          482    i.HAL_TIM_Base_MspInit  tim.o
    0x08002434   0x08002434   0x00000080   Code   RO         2207    i.HAL_TIM_Base_Start_IT  stm32f4xx_hal_tim.o
    0x080024b4   0x080024b4   0x000000dc   Code   RO         2211    i.HAL_TIM_ConfigClockSource  stm32f4xx_hal_tim.o
    0x08002590   0x08002590   0x00000002   Code   RO         2236    i.HAL_TIM_IC_CaptureCallback  stm32f4xx_hal_tim.o
    0x08002592   0x08002592   0x00000166   Code   RO         2250    i.HAL_TIM_IRQHandler  stm32f4xx_hal_tim.o
    0x080026f8   0x080026f8   0x00000002   Code   RO         2253    i.HAL_TIM_OC_DelayElapsedCallback  stm32f4xx_hal_tim.o
    0x080026fa   0x080026fa   0x00000002   Code   RO         2280    i.HAL_TIM_PWM_PulseFinishedCallback  stm32f4xx_hal_tim.o
    0x080026fc   0x080026fc   0x0000002c   Code   RO           14    i.HAL_TIM_PeriodElapsedCallback  main.o
    0x08002728   0x08002728   0x00000002   Code   RO         2293    i.HAL_TIM_TriggerCallback  stm32f4xx_hal_tim.o
    0x0800272a   0x0800272a   0x00000002   Code   RO         3184    i.HAL_UARTEx_RxEventCallback  stm32f4xx_hal_uart.o
    0x0800272c   0x0800272c   0x0000008c   Code   RO         3195    i.HAL_UART_DMAResume  stm32f4xx_hal_uart.o
    0x080027b8   0x080027b8   0x00000070   Code   RO         3196    i.HAL_UART_DMAStop  stm32f4xx_hal_uart.o
    0x08002828   0x08002828   0x00000002   Code   RO         3198    i.HAL_UART_ErrorCallback  stm32f4xx_hal_uart.o
    0x0800282a   0x0800282a   0x00000002   PAD
    0x0800282c   0x0800282c   0x00000268   Code   RO         3201    i.HAL_UART_IRQHandler  stm32f4xx_hal_uart.o
    0x08002a94   0x08002a94   0x00000062   Code   RO         3202    i.HAL_UART_Init     stm32f4xx_hal_uart.o
    0x08002af6   0x08002af6   0x00000002   PAD
    0x08002af8   0x08002af8   0x000002dc   Code   RO          524    i.HAL_UART_MspInit  usart.o
    0x08002dd4   0x08002dd4   0x000000c0   Code   RO         3205    i.HAL_UART_Receive  stm32f4xx_hal_uart.o
    0x08002e94   0x08002e94   0x0000002a   Code   RO         3206    i.HAL_UART_Receive_DMA  stm32f4xx_hal_uart.o
    0x08002ebe   0x08002ebe   0x00000002   Code   RO         3208    i.HAL_UART_RxCpltCallback  stm32f4xx_hal_uart.o
    0x08002ec0   0x08002ec0   0x00000002   Code   RO         3209    i.HAL_UART_RxHalfCpltCallback  stm32f4xx_hal_uart.o
    0x08002ec2   0x08002ec2   0x00000002   PAD
    0x08002ec4   0x08002ec4   0x000000b2   Code   RO         3210    i.HAL_UART_Transmit  stm32f4xx_hal_uart.o
    0x08002f76   0x08002f76   0x00000002   Code   RO         3213    i.HAL_UART_TxCpltCallback  stm32f4xx_hal_uart.o
    0x08002f78   0x08002f78   0x00000002   Code   RO          597    i.HardFault_Handler  stm32f4xx_it.o
    0x08002f7a   0x08002f7a   0x00000002   PAD
    0x08002f7c   0x08002f7c   0x0000019c   Code   RO         5269    i.Judege_read_data  referee.o
    0x08003118   0x08003118   0x0000007e   Code   RO         5312    i.Line_Draw         referee_ui.o
    0x08003196   0x08003196   0x00000002   PAD
    0x08003198   0x08003198   0x00000048   Code   RO          380    i.MX_CAN1_Init      can.o
    0x080031e0   0x080031e0   0x00000048   Code   RO          381    i.MX_CAN2_Init      can.o
    0x08003228   0x08003228   0x0000006c   Code   RO          427    i.MX_DMA_Init       dma.o
    0x08003294   0x08003294   0x000000ac   Code   RO          283    i.MX_FREERTOS_Init  freertos.o
    0x08003340   0x08003340   0x0000005c   Code   RO          256    i.MX_GPIO_Init      gpio.o
    0x0800339c   0x0800339c   0x00000064   Code   RO          483    i.MX_TIM2_Init      tim.o
    0x08003400   0x08003400   0x00000038   Code   RO          525    i.MX_UART4_Init     usart.o
    0x08003438   0x08003438   0x00000038   Code   RO          526    i.MX_UART5_Init     usart.o
    0x08003470   0x08003470   0x00000038   Code   RO          527    i.MX_USART1_UART_Init  usart.o
    0x080034a8   0x080034a8   0x00000044   Code   RO          528    i.MX_USART2_UART_Init  usart.o
    0x080034ec   0x080034ec   0x00000038   Code   RO          529    i.MX_USART6_UART_Init  usart.o
    0x08003524   0x08003524   0x00000002   Code   RO          598    i.MemManage_Handler  stm32f4xx_it.o
    0x08003526   0x08003526   0x00000002   PAD
    0x08003528   0x08003528   0x000000c4   Code   RO         5202    i.Motor_Angle_Cal   shoot_task.o
    0x080035ec   0x080035ec   0x00000002   Code   RO          599    i.NMI_Handler       stm32f4xx_it.o
    0x080035ee   0x080035ee   0x00000002   PAD
    0x080035f0   0x080035f0   0x00000138   Code   RO         5630    i.OnDataReceived    imu_data_decode.o
    0x08003728   0x08003728   0x000000b8   Code   RO         5595    i.PID_calc          pid.o
    0x080037e0   0x080037e0   0x00000050   Code   RO         5596    i.PID_init          pid.o
    0x08003830   0x08003830   0x000000ec   Code   RO         5703    i.Packet_Decode     packet.o
    0x0800391c   0x0800391c   0x00000018   Code   RO         5704    i.Packet_DecodeInit  packet.o
    0x08003934   0x08003934   0x00000060   Code   RO         4930    i.RC_Init           drv_usart.o
    0x08003994   0x08003994   0x0000000c   Code   RO          284    i.SHOOT_TASK        freertos.o
    0x080039a0   0x080039a0   0x00000008   Code   RO          285    i.SYSTEM_TASK       freertos.o
    0x080039a8   0x080039a8   0x00000008   Code   RO          286    i.StartDefaultTask  freertos.o
    0x080039b0   0x080039b0   0x0000002c   Code   RO         4792    i.SysTick_Handler   port.o
    0x080039dc   0x080039dc   0x00000098   Code   RO           15    i.SystemClock_Config  main.o
    0x08003a74   0x08003a74   0x00000010   Code   RO         3531    i.SystemInit        system_stm32f4xx.o
    0x08003a84   0x08003a84   0x0000000c   Code   RO          600    i.TIM2_IRQHandler   stm32f4xx_it.o
    0x08003a90   0x08003a90   0x0000000c   Code   RO          601    i.TIM8_TRG_COM_TIM14_IRQHandler  stm32f4xx_it.o
    0x08003a9c   0x08003a9c   0x000000c8   Code   RO         2295    i.TIM_Base_SetConfig  stm32f4xx_hal_tim.o
    0x08003b64   0x08003b64   0x00000014   Code   RO         2306    i.TIM_ETR_SetConfig  stm32f4xx_hal_tim.o
    0x08003b78   0x08003b78   0x00000010   Code   RO         2307    i.TIM_ITRx_SetConfig  stm32f4xx_hal_tim.o
    0x08003b88   0x08003b88   0x00000022   Code   RO         2313    i.TIM_TI1_ConfigInputStage  stm32f4xx_hal_tim.o
    0x08003baa   0x08003baa   0x00000024   Code   RO         2315    i.TIM_TI2_ConfigInputStage  stm32f4xx_hal_tim.o
    0x08003bce   0x08003bce   0x00000002   PAD
    0x08003bd0   0x08003bd0   0x0000004c   Code   RO          602    i.UART4_IRQHandler  stm32f4xx_it.o
    0x08003c1c   0x08003c1c   0x00000038   Code   RO          603    i.UART5_IRQHandler  stm32f4xx_it.o
    0x08003c54   0x08003c54   0x00000010   Code   RO         3215    i.UART_DMAAbortOnError  stm32f4xx_hal_uart.o
    0x08003c64   0x08003c64   0x0000004a   Code   RO         3216    i.UART_DMAError     stm32f4xx_hal_uart.o
    0x08003cae   0x08003cae   0x00000082   Code   RO         3217    i.UART_DMAReceiveCplt  stm32f4xx_hal_uart.o
    0x08003d30   0x08003d30   0x0000001a   Code   RO         3219    i.UART_DMARxHalfCplt  stm32f4xx_hal_uart.o
    0x08003d4a   0x08003d4a   0x0000004e   Code   RO         3225    i.UART_EndRxTransfer  stm32f4xx_hal_uart.o
    0x08003d98   0x08003d98   0x0000001c   Code   RO         3226    i.UART_EndTxTransfer  stm32f4xx_hal_uart.o
    0x08003db4   0x08003db4   0x000000c0   Code   RO         3227    i.UART_Receive_IT   stm32f4xx_hal_uart.o
    0x08003e74   0x08003e74   0x0000010c   Code   RO         3228    i.UART_SetConfig    stm32f4xx_hal_uart.o
    0x08003f80   0x08003f80   0x00000094   Code   RO         3229    i.UART_Start_Receive_DMA  stm32f4xx_hal_uart.o
    0x08004014   0x08004014   0x00000078   Code   RO         3231    i.UART_WaitOnFlagUntilTimeout  stm32f4xx_hal_uart.o
    0x0800408c   0x0800408c   0x00000130   Code   RO         5315    i.UI_ReFresh        referee_ui.o
    0x080041bc   0x080041bc   0x00000014   Code   RO         5316    i.UI_SendByte       referee_ui.o
    0x080041d0   0x080041d0   0x00000054   Code   RO          604    i.USART1_IRQHandler  stm32f4xx_it.o
    0x08004224   0x08004224   0x000000b4   Code   RO          605    i.USART2_IRQHandler  stm32f4xx_it.o
    0x080042d8   0x080042d8   0x0000000c   Code   RO          606    i.USART6_IRQHandler  stm32f4xx_it.o
    0x080042e4   0x080042e4   0x00000054   Code   RO         4931    i.USART_Init        drv_usart.o
    0x08004338   0x08004338   0x00000002   Code   RO          607    i.UsageFault_Handler  stm32f4xx_it.o
    0x0800433a   0x0800433a   0x0000000c   Code   RO          287    i.VISION_TASK       freertos.o
    0x08004346   0x08004346   0x00000002   PAD
    0x08004348   0x08004348   0x0000003c   Code   RO         5538    i.Verify_CRC16_Check_Sum  crc.o
    0x08004384   0x08004384   0x00000026   Code   RO         5539    i.Verify_CRC8_Check_Sum  crc.o
    0x080043aa   0x080043aa   0x00000028   Code   RO         5036    i.YAW_MotorAngle_Proc  chassis_task.o
    0x080043d2   0x080043d2   0x00000030   Code   RO         5896    i.__ARM_fpclassify  m_wm.l(fpclassify.o)
    0x08004402   0x08004402   0x00000020   Code   RO         1795    i.__NVIC_SetPriority  stm32f4xx_hal_cortex.o
    0x08004422   0x08004422   0x00000006   PAD
    0x08004428   0x08004428   0x000000c8   Code   RO         5792    i.__hardfp_cos      m_wm.l(cos.o)
    0x080044f0   0x080044f0   0x000000c8   Code   RO         5804    i.__hardfp_sin      m_wm.l(sin.o)
    0x080045b8   0x080045b8   0x00000438   Code   RO         5849    i.__ieee754_rem_pio2  m_wm.l(rred.o)
    0x080049f0   0x080049f0   0x00000170   Code   RO         5832    i.__kernel_cos      m_wm.l(cos_i.o)
    0x08004b60   0x08004b60   0x000000f8   Code   RO         5898    i.__kernel_poly     m_wm.l(poly.o)
    0x08004c58   0x08004c58   0x00000130   Code   RO         5854    i.__kernel_sin      m_wm.l(sin_i.o)
    0x08004d88   0x08004d88   0x00000014   Code   RO         5836    i.__mathlib_dbl_infnan  m_wm.l(dunder.o)
    0x08004d9c   0x08004d9c   0x00000004   PAD
    0x08004da0   0x08004da0   0x00000020   Code   RO         5838    i.__mathlib_dbl_invalid  m_wm.l(dunder.o)
    0x08004dc0   0x08004dc0   0x00000020   Code   RO         5841    i.__mathlib_dbl_underflow  m_wm.l(dunder.o)
    0x08004de0   0x08004de0   0x00000018   Code   RO         4970    i.capacitance_date  can_receive.o
    0x08004df8   0x08004df8   0x000000c4   Code   RO         5037    i.chassis_ctrl      chassis_task.o
    0x08004ebc   0x08004ebc   0x000000bc   Code   RO         5038    i.chassis_pid_init  chassis_task.o
    0x08004f78   0x08004f78   0x0000005c   Code   RO         5039    i.chassis_rc_dbus   chassis_task.o
    0x08004fd4   0x08004fd4   0x000000ec   Code   RO         5040    i.chassis_rc_pc     chassis_task.o
    0x080050c0   0x080050c0   0x0000008c   Code   RO         5041    i.chassis_to_common  chassis_task.o
    0x0800514c   0x0800514c   0x000001e4   Code   RO         5042    i.chassis_to_gyro   chassis_task.o
    0x08005330   0x08005330   0x0000010c   Code   RO         5043    i.chassis_yaw       chassis_task.o
    0x0800543c   0x0800543c   0x0000002e   Code   RO         5706    i.crc16_update      packet.o
    0x0800546a   0x0800546a   0x00000018   Code   RO         5892    i.fabs              m_wm.l(fabs.o)
    0x08005482   0x08005482   0x00000002   PAD
    0x08005484   0x08005484   0x00000010   Code   RO         5631    i.get_eular         imu_data_decode.o
    0x08005494   0x08005494   0x0000001c   Code   RO         4971    i.get_motor_measure  can_receive.o
    0x080054b0   0x080054b0   0x00000014   Code   RO         5633    i.get_quat          imu_data_decode.o
    0x080054c4   0x080054c4   0x00000014   Code   RO         5634    i.get_raw_acc       imu_data_decode.o
    0x080054d8   0x080054d8   0x00000014   Code   RO         5635    i.get_raw_gyo       imu_data_decode.o
    0x080054ec   0x080054ec   0x00000014   Code   RO         5636    i.get_raw_mag       imu_data_decode.o
    0x08005500   0x08005500   0x00000054   Code   RO         5126    i.gimbal_ctrl       gimbal_task.o
    0x08005554   0x08005554   0x0000008c   Code   RO         5127    i.gimbal_pid_init   gimbal_task.o
    0x080055e0   0x080055e0   0x00000048   Code   RO         5128    i.gimbal_rc_dbus    gimbal_task.o
    0x08005628   0x08005628   0x00000048   Code   RO         5129    i.gimbal_rc_pc      gimbal_task.o
    0x08005670   0x08005670   0x0000003c   Code   RO         5637    i.imu_ctrl          imu_data_decode.o
    0x080056ac   0x080056ac   0x00000018   Code   RO         5638    i.imu_data_decode_init  imu_data_decode.o
    0x080056c4   0x080056c4   0x00000054   Code   RO           16    i.main              main.o
    0x08005718   0x08005718   0x0000000c   Code   RO         4357    i.makeFreeRtosPriority  cmsis_os.o
    0x08005724   0x08005724   0x0000000e   Code   RO         4359    i.osDelay           cmsis_os.o
    0x08005732   0x08005732   0x0000000a   Code   RO         4362    i.osKernelStart     cmsis_os.o
    0x0800573c   0x0800573c   0x00000054   Code   RO         4396    i.osThreadCreate    cmsis_os.o
    0x08005790   0x08005790   0x00000028   Code   RO         5130    i.pitch_limit       gimbal_task.o
    0x080057b8   0x080057b8   0x00000070   Code   RO         4033    i.prvAddCurrentTaskToDelayedList  tasks.o
    0x08005828   0x08005828   0x000000d0   Code   RO         4034    i.prvAddNewTaskToReadyList  tasks.o
    0x080058f8   0x080058f8   0x00000034   Code   RO         4035    i.prvDeleteTCB      tasks.o
    0x0800592c   0x0800592c   0x0000004c   Code   RO         4724    i.prvHeapInit       heap_4.o
    0x08005978   0x08005978   0x00000060   Code   RO         4036    i.prvIdleTask       tasks.o
    0x080059d8   0x080059d8   0x00000098   Code   RO         4037    i.prvInitialiseNewTask  tasks.o
    0x08005a70   0x08005a70   0x0000004c   Code   RO         4725    i.prvInsertBlockIntoFreeList  heap_4.o
    0x08005abc   0x08005abc   0x00000020   Code   RO         4038    i.prvResetNextTaskUnblockTime  tasks.o
    0x08005adc   0x08005adc   0x00000028   Code   RO         4793    i.prvTaskExitError  port.o
    0x08005b04   0x08005b04   0x000000dc   Code   RO         4726    i.pvPortMalloc      heap_4.o
    0x08005be0   0x08005be0   0x0000002c   Code   RO         4794    i.pxPortInitialiseStack  port.o
    0x08005c0c   0x08005c0c   0x000000ee   Code   RO         5425    i.sbus_to_rc        remote_receive.o
    0x08005cfa   0x08005cfa   0x00000002   PAD
    0x08005cfc   0x08005cfc   0x0000002c   Code   RO         5203    i.shoot_ctrl        shoot_task.o
    0x08005d28   0x08005d28   0x000000ac   Code   RO         5204    i.shoot_init        shoot_task.o
    0x08005dd4   0x08005dd4   0x00000034   Code   RO         5205    i.shoot_long        shoot_task.o
    0x08005e08   0x08005e08   0x00000054   Code   RO         5206    i.shoot_one         shoot_task.o
    0x08005e5c   0x08005e5c   0x000000a0   Code   RO         5207    i.shoot_pid_init    shoot_task.o
    0x08005efc   0x08005efc   0x00000074   Code   RO         5208    i.shoot_rc_pc       shoot_task.o
    0x08005f70   0x08005f70   0x00000026   Code   RO         3669    i.uxListRemove      list.o
    0x08005f96   0x08005f96   0x00000002   PAD
    0x08005f98   0x08005f98   0x00000014   Code   RO          288    i.vApplicationGetIdleTaskMemory  freertos.o
    0x08005fac   0x08005fac   0x00000016   Code   RO         3670    i.vListInitialise   list.o
    0x08005fc2   0x08005fc2   0x00000006   Code   RO         3671    i.vListInitialiseItem  list.o
    0x08005fc8   0x08005fc8   0x00000030   Code   RO         3672    i.vListInsert       list.o
    0x08005ff8   0x08005ff8   0x00000018   Code   RO         3673    i.vListInsertEnd    list.o
    0x08006010   0x08006010   0x00000040   Code   RO         4796    i.vPortEnterCritical  port.o
    0x08006050   0x08006050   0x00000028   Code   RO         4797    i.vPortExitCritical  port.o
    0x08006078   0x08006078   0x00000064   Code   RO         4727    i.vPortFree         heap_4.o
    0x080060dc   0x080060dc   0x00000024   Code   RO         4798    i.vPortSetupTimerInterrupt  port.o
    0x08006100   0x08006100   0x0000004c   Code   RO         4047    i.vTaskDelay        tasks.o
    0x0800614c   0x0800614c   0x0000006c   Code   RO         4061    i.vTaskStartScheduler  tasks.o
    0x080061b8   0x080061b8   0x000000bc   Code   RO         4062    i.vTaskSuspend      tasks.o
    0x08006274   0x08006274   0x00000010   Code   RO         4063    i.vTaskSuspendAll   tasks.o
    0x08006284   0x08006284   0x0000005c   Code   RO         4064    i.vTaskSwitchContext  tasks.o
    0x080062e0   0x080062e0   0x0000007c   Code   RO         5455    i.visual_date       visual_receive_task.o
    0x0800635c   0x0800635c   0x00000110   Code   RO         5497    i.vofa_send         vofa_task.o
    0x0800646c   0x0800646c   0x000000f4   Code   RO         4800    i.xPortStartScheduler  port.o
    0x08006560   0x08006560   0x0000005a   Code   RO         4067    i.xTaskCreate       tasks.o
    0x080065ba   0x080065ba   0x00000056   Code   RO         4068    i.xTaskCreateStatic  tasks.o
    0x08006610   0x08006610   0x000000cc   Code   RO         4075    i.xTaskIncrementTick  tasks.o
    0x080066dc   0x080066dc   0x000000c4   Code   RO         4081    i.xTaskResumeAll    tasks.o
    0x080067a0   0x080067a0   0x00000038   Code   RO         5044    i.xy_speed          chassis_task.o
    0x080067d8   0x080067d8   0x0000004c   Code   RO         5132    i.yaw_limit         gimbal_task.o
    0x08006824   0x08006824   0x00000090   Code   RO         5133    i.yaw_pitch_gimbal  gimbal_task.o
    0x080068b4   0x080068b4   0x00000018   Code   RO         5772    x$fpl$basic         fz_wm.l(basic.o)
    0x080068cc   0x080068cc   0x00000062   Code   RO         5774    x$fpl$d2f           fz_wm.l(d2f.o)
    0x0800692e   0x0800692e   0x00000002   PAD
    0x08006930   0x08006930   0x00000150   Code   RO         5776    x$fpl$dadd          fz_wm.l(daddsub_clz.o)
    0x08006a80   0x08006a80   0x000002b0   Code   RO         5883    x$fpl$ddiv          fz_wm.l(ddiv.o)
    0x08006d30   0x08006d30   0x0000005e   Code   RO         5886    x$fpl$dfix          fz_wm.l(dfix.o)
    0x08006d8e   0x08006d8e   0x0000002e   Code   RO         5783    x$fpl$dflt          fz_wm.l(dflt_clz.o)
    0x08006dbc   0x08006dbc   0x00000026   Code   RO         5782    x$fpl$dfltu         fz_wm.l(dflt_clz.o)
    0x08006de2   0x08006de2   0x00000002   PAD
    0x08006de4   0x08006de4   0x00000154   Code   RO         5788    x$fpl$dmul          fz_wm.l(dmul.o)
    0x08006f38   0x08006f38   0x0000009c   Code   RO         5823    x$fpl$dnaninf       fz_wm.l(dnaninf.o)
    0x08006fd4   0x08006fd4   0x0000000c   Code   RO         5825    x$fpl$dretinf       fz_wm.l(dretinf.o)
    0x08006fe0   0x08006fe0   0x00000016   Code   RO         5777    x$fpl$drsb          fz_wm.l(daddsub_clz.o)
    0x08006ff6   0x08006ff6   0x00000002   PAD
    0x08006ff8   0x08006ff8   0x000001d4   Code   RO         5778    x$fpl$dsub          fz_wm.l(daddsub_clz.o)
    0x080071cc   0x080071cc   0x00000056   Code   RO         5790    x$fpl$f2d           fz_wm.l(f2d.o)
    0x08007222   0x08007222   0x0000008c   Code   RO         5827    x$fpl$fnaninf       fz_wm.l(fnaninf.o)
    0x080072ae   0x080072ae   0x0000000a   Code   RO         5985    x$fpl$fpinit        fz_wm.l(fpinit.o)
    0x080072b8   0x080072b8   0x0000000a   Code   RO         5829    x$fpl$fretinf       fz_wm.l(fretinf.o)
    0x080072c2   0x080072c2   0x00000000   Code   RO         5831    x$fpl$usenofp       fz_wm.l(usenofp.o)
    0x080072c2   0x080072c2   0x00000002   PAD
    0x080072c4   0x080072c4   0x000000c4   Data   RO          290    .constdata          freertos.o
    0x08007388   0x08007388   0x00000008   Data   RO         1512    .constdata          stm32f4xx_hal_dma.o
    0x08007390   0x08007390   0x00000010   Data   RO         3532    .constdata          system_stm32f4xx.o
    0x080073a0   0x080073a0   0x00000008   Data   RO         3533    .constdata          system_stm32f4xx.o
    0x080073a8   0x080073a8   0x00000300   Data   RO         5541    .constdata          crc.o
    0x080076a8   0x080076a8   0x00000030   Data   RO         5833    .constdata          m_wm.l(cos_i.o)
    0x080076d8   0x080076d8   0x000000c8   Data   RO         5851    .constdata          m_wm.l(rred.o)
    0x080077a0   0x080077a0   0x00000028   Data   RO         5855    .constdata          m_wm.l(sin_i.o)
    0x080077c8   0x080077c8   0x0000003c   Data   RO          291    .conststring        freertos.o
    0x08007804   0x08007804   0x00000020   Data   RO         6043    Region$$Table       anon$$obj.o


    Execution Region RW_IRAM1 (Exec base: 0x20000000, Load base: 0x08007824, Size: 0x000054d8, Max: 0x0001c000, ABSOLUTE, COMPRESSED[0x00000030])

    Exec Addr    Load Addr    Size         Type   Attr      Idx    E Section Name        Object

    0x20000000   COMPRESSED   0x0000001c   Data   RW          292    .data               freertos.o
    0x2000001c   COMPRESSED   0x00000004   Data   RW          383    .data               can.o
    0x20000020   COMPRESSED   0x00000004   Data   RW          608    .data               stm32f4xx_it.o
    0x20000024   COMPRESSED   0x0000000c   Data   RW         1939    .data               stm32f4xx_hal.o
    0x20000030   COMPRESSED   0x00000004   Data   RW         3534    .data               system_stm32f4xx.o
    0x20000034   COMPRESSED   0x0000003c   Data   RW         4084    .data               tasks.o
    0x20000070   COMPRESSED   0x00000020   Data   RW         4733    .data               heap_4.o
    0x20000090   COMPRESSED   0x0000000c   Data   RW         4801    .data               port.o
    0x2000009c   COMPRESSED   0x00000028   Data   RW         4973    .data               can_receive.o
    0x200000c4   COMPRESSED   0x00000014   Data   RW         5046    .data               chassis_task.o
    0x200000d8   COMPRESSED   0x0000000c   Data   RW         5134    .data               gimbal_task.o
    0x200000e4   COMPRESSED   0x0000000c   Data   RW         5210    .data               shoot_task.o
    0x200000f0   COMPRESSED   0x00000001   Data   RW         5272    .data               referee.o
    0x200000f1   COMPRESSED   0x0000000a   Data   RW         5325    .data               referee_ui.o
    0x200000fb   COMPRESSED   0x00000001   PAD
    0x200000fc   COMPRESSED   0x00000004   Data   RW         5459    .data               visual_receive_task.o
    0x20000100   COMPRESSED   0x00000006   Data   RW         5460    .data               visual_receive_task.o
    0x20000106   COMPRESSED   0x00000006   Data   RW         5499    .data               vofa_task.o
    0x2000010c   COMPRESSED   0x00000002   Data   RW         5542    .data               crc.o
    0x2000010e   COMPRESSED   0x00000026   Data   RW         5640    .data               imu_data_decode.o
    0x20000134   COMPRESSED   0x00000014   Data   RW         5707    .data               packet.o
    0x20000148        -       0x00000254   Zero   RW          289    .bss                freertos.o
    0x2000039c        -       0x00000050   Zero   RW          382    .bss                can.o
    0x200003ec        -       0x00000048   Zero   RW          484    .bss                tim.o
    0x20000434        -       0x000002d4   Zero   RW          530    .bss                usart.o
    0x20000708        -       0x00000048   Zero   RW          768    .bss                stm32f4xx_hal_timebase_tim.o
    0x20000750        -       0x000000f0   Zero   RW         4083    .bss                tasks.o
    0x20000840        -       0x00003c00   Zero   RW         4732    .bss                heap_4.o
    0x20004440        -       0x00000048   Zero   RW         4932    .bss                drv_usart.o
    0x20004488        -       0x000000d8   Zero   RW         4972    .bss                can_receive.o
    0x20004560        -       0x00000014   Zero   RW         5045    .bss                chassis_task.o
    0x20004574        -       0x00000038   Zero   RW         5209    .bss                shoot_task.o
    0x200045ac        -       0x000000c8   Zero   RW         5270    .bss                referee.o
    0x20004674        -       0x00000080   Zero   RW         5271    .bss                referee.o
    0x200046f4        -       0x000000c3   Zero   RW         5317    .bss                referee_ui.o
    0x200047b7   COMPRESSED   0x00000001   PAD
    0x200047b8        -       0x00000014   Zero   RW         5426    .bss                remote_receive.o
    0x200047cc        -       0x00000030   Zero   RW         5458    .bss                visual_receive_task.o
    0x200047fc        -       0x00000020   Zero   RW         5498    .bss                vofa_task.o
    0x2000481c        -       0x00000220   Zero   RW         5597    .bss                pid.o
    0x20004a3c        -       0x00000154   Zero   RW         5598    .bss                pid.o
    0x20004b90        -       0x00000220   Zero   RW         5599    .bss                pid.o
    0x20004db0        -       0x000000c4   Zero   RW         5639    .bss                imu_data_decode.o
    0x20004e74        -       0x00000060   Zero   RW         5901    .bss                c_w.l(libspace.o)
    0x20004ed4   COMPRESSED   0x00000004   PAD
    0x20004ed8        -       0x00000200   Zero   RW            2    HEAP                startup_stm32f405xx.o
    0x200050d8        -       0x00000400   Zero   RW            1    STACK               startup_stm32f405xx.o


    Execution Region RW_IRAM2 (Exec base: 0x2001c000, Load base: 0x08007854, Size: 0x00000000, Max: 0x00004000, ABSOLUTE)

    **** No section assigned to this execution region ****


==============================================================================

Image component sizes


      Code (inc. data)   RO Data    RW Data    ZI Data      Debug   Object Name

       400         44          0          4         80       2590   can.o
       588         94          0         40        216       7150   can_receive.o
      1700        156          0         20         20       7758   chassis_task.o
       120          0          0          0          0      23501   cmsis_os.o
       170         16        768          2          0       3787   crc.o
       108          4          0          0          0        874   dma.o
        18          0          0          0          0        506   driver.o
        88          8          0          0          0        579   drv_can.o
       180         32          0          0         72       1893   drv_usart.o
         0          0          0          0          0      17024   event_groups.o
       284         20        256         28        596       6218   freertos.o
       628         88          0         12          0       5524   gimbal_task.o
        92          6          0          0          0        943   gpio.o
       472         24          0         32      15360       7567   heap_4.o
       492         58          0         38        196       6503   imu_data_decode.o
       138          0          0          0          0       3674   list.o
       284         16          0          0          0     689344   main.o
       306         18          0         20          0       3016   packet.o
       264          6          0          0       1428       2681   pid.o
       702         72          0         12          0      11196   port.o
       412         18          0          1        328       8476   referee.o
      1596         58          0         10        195      12467   referee_ui.o
       238          0          0          0         20       3235   remote_receive.o
       824        134          0         12         56       5661   shoot_task.o
        64         26        392          0       1536        864   startup_stm32f405xx.o
       116         18          0         12          0       8850   stm32f4xx_hal.o
      1658          6          0          0          0      14643   stm32f4xx_hal_can.o
       158         14          0          0          0      33266   stm32f4xx_hal_cortex.o
      1084         16          8          0          0       7518   stm32f4xx_hal_dma.o
       496         46          0          0          0       1572   stm32f4xx_hal_gpio.o
        56          4          0          0          0        906   stm32f4xx_hal_msp.o
      1412         86          0          0          0       6029   stm32f4xx_hal_rcc.o
      1110         72          0          0          0      10437   stm32f4xx_hal_tim.o
       148         28          0          0          0       2529   stm32f4xx_hal_tim_ex.o
       152         20          0          0         72       1536   stm32f4xx_hal_timebase_tim.o
      2468         30          0          0          0      18533   stm32f4xx_hal_uart.o
       516        104          0          4          0      11263   stm32f4xx_it.o
         0          0          0          0          0        432   stream_buffer.o
        16          4         24          4          0       1187   system_stm32f4xx.o
      1708        126          0         60        240      20781   tasks.o
       156         10          0          0         72       1774   tim.o
      1024         98          0          0        724       5088   usart.o
       124         16          0         10         48       1427   visual_receive_task.o
       272         22          0          6         32       2956   vofa_task.o

    ----------------------------------------------------------------------
     22884       1618       1480        328      21292     983758   Object Totals
         0          0         32          0          0          0   (incl. Generated)
        42          0          0          1          1          0   (incl. Padding)

    ----------------------------------------------------------------------

      Code (inc. data)   RO Data    RW Data    ZI Data      Debug   Library Member Name

        58          0          0          0          0          0   __dczerorl.o
         8          0          0          0          0         68   __main.o
         0          0          0          0          0          0   __rtentry.o
        12          0          0          0          0          0   __rtentry2.o
         6          0          0          0          0          0   __rtentry4.o
        52          8          0          0          0          0   __scatter.o
        28          0          0          0          0          0   __scatter_zi.o
        22          0          0          0          0        100   _rserrno.o
        18          0          0          0          0         80   exit.o
         6          0          0          0          0        152   heapauxi.o
         0          0          0          0          0          0   indicate_semi.o
         2          0          0          0          0          0   libinit.o
         6          0          0          0          0          0   libinit2.o
         2          0          0          0          0          0   libshutdown.o
         2          0          0          0          0          0   libshutdown2.o
         8          4          0          0         96         68   libspace.o
       238          0          0          0          0        100   lludivv7m.o
         8          4          0          0          0         68   rt_errno_addr_intlibspace.o
        68          0          0          0          0         68   rt_memclr.o
        78          0          0          0          0         80   rt_memclr_w.o
       138          0          0          0          0         68   rt_memcpy_v6.o
       100          0          0          0          0         80   rt_memcpy_w.o
         2          0          0          0          0          0   rtexit.o
        10          0          0          0          0          0   rtexit2.o
        12          4          0          0          0         68   sys_exit.o
        74          0          0          0          0         80   sys_stackheap_outer.o
         2          0          0          0          0         68   use_no_semi.o
        24          0          0          0          0        164   basic.o
        98          4          0          0          0        140   d2f.o
       826         16          0          0          0        492   daddsub_clz.o
       688        140          0          0          0        256   ddiv.o
        94          4          0          0          0        140   dfix.o
        84          0          0          0          0        232   dflt_clz.o
       340         12          0          0          0        152   dmul.o
       156          4          0          0          0        140   dnaninf.o
        12          0          0          0          0        116   dretinf.o
        86          4          0          0          0        132   f2d.o
       140          4          0          0          0        132   fnaninf.o
        10          0          0          0          0        116   fpinit.o
        10          0          0          0          0        116   fretinf.o
         0          0          0          0          0          0   usenofp.o
       200         20          0          0          0        164   cos.o
       368         46         48          0          0        200   cos_i.o
        84         16          0          0          0        372   dunder.o
        24          0          0          0          0        124   fabs.o
        48          0          0          0          0        124   fpclassify.o
       248          0          0          0          0        152   poly.o
      1080        142        200          0          0        188   rred.o
       200         20          0          0          0        164   sin.o
       304         24         40          0          0        208   sin_i.o

    ----------------------------------------------------------------------
      6104        476        288          0        100       5172   Library Totals
        20          0          0          0          4          0   (incl. Padding)

    ----------------------------------------------------------------------

      Code (inc. data)   RO Data    RW Data    ZI Data      Debug   Library Name

       960         20          0          0         96       1148   c_w.l
      2568        188          0          0          0       2328   fz_wm.l
      2556        268        288          0          0       1696   m_wm.l

    ----------------------------------------------------------------------
      6104        476        288          0        100       5172   Library Totals

    ----------------------------------------------------------------------

==============================================================================


      Code (inc. data)   RO Data    RW Data    ZI Data      Debug   

     28988       2094       1768        328      21392     964510   Grand Totals
     28988       2094       1768         48      21392     964510   ELF Image Totals (compressed)
     28988       2094       1768         48          0          0   ROM Totals

==============================================================================

    Total RO  Size (Code + RO Data)                30756 (  30.04kB)
    Total RW  Size (RW Data + ZI Data)             21720 (  21.21kB)
    Total ROM Size (Code + RO Data + RW Data)      30804 (  30.08kB)

==============================================================================

